MPLINK 4.42, Linker
Linker Map File - Created Wed Feb 24 15:01:20 2016

                                 Section Info
                  Section       Type    Address   Location Size(Bytes)
                ---------  ---------  ---------  ---------  ---------
               _entry_scn       code   0x000000    program   0x000006
           .code___init.o       code   0x000006    program   0x000002
               highVector       code   0x000008    program   0x000006
.idata_UDPPerformanceTest.o_i    romdata   0x00000e    program   0x000000
           .idata_UDP.o_i    romdata   0x00000e    program   0x000002
          .idata_UART.o_i    romdata   0x000010    program   0x000000
.idata_UART2TCPBridge.o_i    romdata   0x000010    program   0x000000
          .idata_Tick.o_i    romdata   0x000010    program   0x000004
         .idata_TFTPc.o_i    romdata   0x000014    program   0x000000
        .idata_Telnet.o_i    romdata   0x000014    program   0x000000
.idata_TCPPerformanceTest.o_i    romdata   0x000014    program   0x000000
           .idata_TCP.o_i    romdata   0x000014    program   0x000002
      .idata_StackTsk.o_i    romdata   0x000016    program   0x000001
        .idata_SPIRAM.o_i    romdata   0x000017    program   0x000000
      .idata_SPIFlash.o_i    romdata   0x000017    program   0x000000
     .idata_SPIEEPROM.o_i    romdata   0x000017    program   0x000000
          .idata_SNTP.o_i    romdata   0x000017    program   0x000000
          .idata_SMTP.o_i    romdata   0x000017    program   0x000000
        .idata_Reboot.o_i    romdata   0x000017    program   0x000001
                lowVector       code   0x000018    program   0x000006
                   .cinit    romdata   0x00001e    program   0x0000da
              .code_TCP.o       code   0x0000f8    program   0x00477c
             .code_SNMP.o       code   0x004874    program   0x003fe0
            .code_HTTP2.o       code   0x008854    program   0x002364
    .code_CustomSNMPApp.o       code   0x00abb8    program   0x00223e
      .romdata_MPFSImg2.o    romdata   0x00cdf6    program   0x001a04
            .code_MPFS2.o       code   0x00e7fa    program   0x001406
        .code_PAL_pUART.o       code   0x00fc00    program   0x0010d4
    .code_CustomHTTPApp.o       code   0x010cd4    program   0x0010d0
             .code_DHCP.o       code   0x011da4    program   0x000b00
             .code_Main.o       code   0x0128a4    program   0x000a90
              .code_UDP.o       code   0x013334    program   0x000a40
          .code_Helpers.o       code   0x013d74    program   0x000944
         .code_ETH97J60.o       code   0x0146b8    program   0x000938
      .code_ParamsTable.o       code   0x014ff0    program   0x0008cc
           .code_UdpSet.o       code   0x0158bc    program   0x00082e
             .stringtable    romdata   0x0160ea    program   0x0007fd
      .idata_fxd1616u.o_i    romdata   0x0168e7    program   0x000000
        .romdata_UdpSet.o    romdata   0x0168e7    program   0x000000
        .romdata_Reboot.o    romdata   0x0168e7    program   0x000000
      .romdata_fxd1616u.o    romdata   0x0168e7    program   0x000000
      .romdata_StackTsk.o    romdata   0x0168e7    program   0x000000
      .idata_fxd3232u.o_i    romdata   0x0168e7    program   0x000000
        .romdata_SPIRAM.o    romdata   0x0168e7    program   0x000000
      .romdata_fxd3232u.o    romdata   0x0168e7    program   0x000000
      .romdata_SPIFlash.o    romdata   0x0168e7    program   0x000000
       .idata_fxm3232.o_i    romdata   0x0168e7    program   0x000000
     .romdata_SPIEEPROM.o    romdata   0x0168e7    program   0x000000
        .romdata___init.o    romdata   0x0168e7    program   0x000000
       .romdata_fxm3232.o    romdata   0x0168e7    program   0x000000
          .romdata_SMTP.o    romdata   0x0168e7    program   0x000000
          .romdata_SNTP.o    romdata   0x0168e7    program   0x000000
        .idata___init.o_i    romdata   0x0168e7    program   0x000000
 .romdata_CustomSNMPApp.o    romdata   0x0168e7    program   0x000000
    .romdata_DeviceData.o    romdata   0x0168e7    program   0x000000
       .romdata_MPFSImg.o    romdata   0x0168e7    program   0x000000
     .romdata_I2cEEPROM.o    romdata   0x0168e7    program   0x000000
       .idata_deeprom.o_i    romdata   0x0168e7    program   0x000000
 .romdata_CustomHTTPApp.o    romdata   0x0168e7    program   0x000000
.romdata_UDPPerformanceTest.o    romdata   0x0168e7    program   0x000000
   .romdata_ParamsTable.o    romdata   0x0168e7    program   0x000000
           .romdata_UDP.o    romdata   0x0168e7    program   0x000000
          .romdata_UART.o    romdata   0x0168e7    program   0x000000
    .romdata_ParamsList.o    romdata   0x0168e7    program   0x000000
.romdata_UART2TCPBridge.o    romdata   0x0168e7    program   0x000000
     .romdata_PAL_pUART.o    romdata   0x0168e7    program   0x000000
          .romdata_Tick.o    romdata   0x0168e7    program   0x000000
       .romdata_deeprom.o    romdata   0x0168e7    program   0x000000
         .romdata_TFTPc.o    romdata   0x0168e7    program   0x000000
      .idata_fxd0808u.o_i    romdata   0x0168e7    program   0x000000
        .romdata_Telnet.o    romdata   0x0168e7    program   0x000000
      .romdata_fxd0808u.o    romdata   0x0168e7    program   0x000000
.romdata_TCPPerformanceTest.o    romdata   0x0168e7    program   0x000000
        .idata_UdpSet.o_i    romdata   0x0168e7    program   0x000001
          .romdata_HTTP.o    romdata   0x0168e7    program   0x000000
       .romdata_Helpers.o    romdata   0x0168e7    program   0x000000
        .romdata_Hashes.o    romdata   0x0168e7    program   0x000000
          .romdata_ICMP.o    romdata   0x0168e7    program   0x000000
           .romdata_FTP.o    romdata   0x0168e7    program   0x000000
      .romdata_ETH97J60.o    romdata   0x0168e7    program   0x000000
    .romdata_ENCX24J600.o    romdata   0x0168e7    program   0x000000
      .romdata_ENC28J60.o    romdata   0x0168e7    program   0x000000
            .romdata_IP.o    romdata   0x0168e7    program   0x000000
        .romdata_DynDNS.o    romdata   0x0168e7    program   0x000000
          .romdata_DNSs.o    romdata   0x0168e7    program   0x000000
           .romdata_DNS.o    romdata   0x0168e7    program   0x000000
         .romdata_MPFS2.o    romdata   0x0168e7    program   0x000000
         .romdata_DHCPs.o    romdata   0x0168e7    program   0x000000
          .romdata_DHCP.o    romdata   0x0168e7    program   0x000000
          .romdata_MPFS.o    romdata   0x0168e7    program   0x000000
         .romdata_Delay.o    romdata   0x0168e7    program   0x000000
        .romdata_AutoIP.o    romdata   0x0168e7    program   0x000000
           .romdata_ARP.o    romdata   0x0168e7    program   0x000000
      .romdata_Announce.o    romdata   0x0168e7    program   0x000000
          .romdata_NBNS.o    romdata   0x0168e7    program   0x000000
         .romdata_c018i.o    romdata   0x0168e7    program   0x000000
         .idata_c018i.o_i    romdata   0x0168e7    program   0x000000
              .code_ARP.o       code   0x0168e8    program   0x00054a
             .code_NBNS.o       code   0x016e32    program   0x000478
                   STRING       code   0x0172aa    program   0x000326
               .code_IP.o       code   0x0175d0    program   0x0002a2
        .code_I2cEEPROM.o       code   0x017872    program   0x000274
         .code_StackTsk.o       code   0x017ae6    program   0x000264
                     PROG       code   0x017d4a    program   0x00015c
                   STDLIB       code   0x017ea6    program   0x000156
           .code_Reboot.o       code   0x017ffc    program   0x00011e
       .code_DeviceData.o       code   0x01811a    program   0x0000e4
             .code_ICMP.o       code   0x0181fe    program   0x0000da
             .code_Tick.o       code   0x0182d8    program   0x0000b0
               _cinit_scn       code   0x018388    program   0x00009e
         .romdata_HTTP2.o    romdata   0x018426    program   0x000072
          .code_fxm3232.o       code   0x018498    program   0x000070
         .code_fxd3232u.o       code   0x018508    program   0x000048
         .code_fxd1616u.o       code   0x018550    program   0x00002c
                    .code       code   0x01857c    program   0x00002c
             _startup_scn       code   0x0185a8    program   0x00001c
         .code_fxd0808u.o       code   0x0185c4    program   0x00001c
           .romdata_TCP.o    romdata   0x0185e0    program   0x000018
          .romdata_Main.o    romdata   0x0185f8    program   0x000018
          .romdata_SNMP.o    romdata   0x018610    program   0x000014
          .idata_SNMP.o_i    romdata   0x018624    program   0x000057
   .idata_ParamsTable.o_i    romdata   0x01867b    program   0x000067
    .idata_ParamsList.o_i    romdata   0x0186e2    program   0x000063
     .idata_PAL_pUART.o_i    romdata   0x018745    program   0x000000
          .idata_NBNS.o_i    romdata   0x018745    program   0x000001
          .idata_Main.o_i    romdata   0x018746    program   0x000017
          .idata_MPFS.o_i    romdata   0x01875d    program   0x000000
      .idata_MPFSImg2.o_i    romdata   0x01875d    program   0x000000
       .idata_MPFSImg.o_i    romdata   0x01875d    program   0x000000
         .idata_MPFS2.o_i    romdata   0x01875d    program   0x000000
            .idata_IP.o_i    romdata   0x01875d    program   0x000002
          .idata_ICMP.o_i    romdata   0x01875f    program   0x000000
     .idata_I2cEEPROM.o_i    romdata   0x01875f    program   0x000000
       .idata_Helpers.o_i    romdata   0x01875f    program   0x000004
    .idata_DeviceData.o_i    romdata   0x018763    program   0x000060
      .idata_ETH97J60.o_i    romdata   0x018763    program   0x000000
          .idata_HTTP.o_i    romdata   0x018763    program   0x000000
        .idata_DynDNS.o_i    romdata   0x018763    program   0x000000
    .idata_ENCX24J600.o_i    romdata   0x018763    program   0x000000
         .idata_HTTP2.o_i    romdata   0x018763    program   0x000000
           .idata_FTP.o_i    romdata   0x018763    program   0x000000
        .idata_Hashes.o_i    romdata   0x018763    program   0x000000
      .idata_ENC28J60.o_i    romdata   0x018763    program   0x000000
           .idata_DNS.o_i    romdata   0x0187c3    program   0x000000
         .idata_DHCPs.o_i    romdata   0x0187c3    program   0x000000
          .idata_DNSs.o_i    romdata   0x0187c3    program   0x000000
          .idata_DHCP.o_i    romdata   0x0187c3    program   0x000001
         .idata_Delay.o_i    romdata   0x0187c3    program   0x000000
 .idata_CustomSNMPApp.o_i    romdata   0x0187c4    program   0x00007b
 .idata_CustomHTTPApp.o_i    romdata   0x01883f    program   0x000004
        .idata_AutoIP.o_i    romdata   0x018843    program   0x000000
           .idata_ARP.o_i    romdata   0x018843    program   0x000001
      .idata_Announce.o_i    romdata   0x018843    program   0x000000
           .code_DynDNS.o       code   0x018844    program   0x000000
         .code_SPIFlash.o       code   0x018844    program   0x000000
             .code_SMTP.o       code   0x018844    program   0x000000
            .code_TFTPc.o       code   0x018844    program   0x000000
         .code_Announce.o       code   0x018844    program   0x000000
           .code_Hashes.o       code   0x018844    program   0x000000
.code_UDPPerformanceTest.o       code   0x018844    program   0x000000
           .code_Telnet.o       code   0x018844    program   0x000000
         .code_ENC28J60.o       code   0x018844    program   0x000000
            .code_c018i.o       code   0x018844    program   0x000000
.code_TCPPerformanceTest.o       code   0x018844    program   0x000000
       .code_ENCX24J600.o       code   0x018844    program   0x000000
             .code_HTTP.o       code   0x018844    program   0x000000
             .code_UART.o       code   0x018844    program   0x000000
            .code_DHCPs.o       code   0x018844    program   0x000000
             .code_SNTP.o       code   0x018844    program   0x000000
          .code_deeprom.o       code   0x018844    program   0x000000
              .code_DNS.o       code   0x018844    program   0x000000
   .code_UART2TCPBridge.o       code   0x018844    program   0x000000
           .code_SPIRAM.o       code   0x018844    program   0x000000
            .code_Delay.o       code   0x018844    program   0x000000
             .code_MPFS.o       code   0x018844    program   0x000000
        .code_SPIEEPROM.o       code   0x018844    program   0x000000
       .code_ParamsList.o       code   0x018844    program   0x000000
             .code_DNSs.o       code   0x018844    program   0x000000
           .code_AutoIP.o       code   0x018844    program   0x000000
          .code_MPFSImg.o       code   0x018844    program   0x000000
              .code_FTP.o       code   0x018844    program   0x000000
         .code_MPFSImg2.o       code   0x018844    program   0x000000
     .config_1fff8_Main.o    romdata   0x01fff8    program   0x000001
     .config_1fffa_Main.o    romdata   0x01fffa    program   0x000001
     .config_1fffb_Main.o    romdata   0x01fffb    program   0x000001
     .config_1fffd_Main.o    romdata   0x01fffd    program   0x000001
                MATH_DATA      udata   0x000000       data   0x000014
                 .tmpdata      udata   0x000014       data   0x00000c
           .udata_MPFS2.o      udata   0x000060       data   0x000094
        .udata_StackTsk.o      udata   0x0000f4       data   0x00000b
          .idata_UdpSet.o      idata   0x0000ff       data   0x000001
   HTTP_CONNECTION_STATES      udata   0x000100       data   0x0000e8
            .idata_Main.o      idata   0x0001e8       data   0x000017
        .idata_StackTsk.o      idata   0x0001ff       data   0x000001
             .udata_UDP.o      udata   0x000200       data   0x0000e2
             .udata_ARP.o      udata   0x0002e2       data   0x00001e
             .udata_TCP.o      udata   0x000300       data   0x0000cf
            .udata_DHCP.o      udata   0x0003cf       data   0x000025
           .udata_c018i.o      udata   0x0003f4       data   0x00000a
             .idata_UDP.o      idata   0x0003fe       data   0x000002
       .udata_PAL_pUART.o      udata   0x000400       data   0x0000c7
        .udata_ETH97J60.o      udata   0x0004c7       data   0x000034
          .udata_UdpSet.o      udata   0x0004fb       data   0x000005
            .udata_SNMP.o      udata   0x000500       data   0x0000b2
       .udata_I2cEEPROM.o      udata   0x0005b2       data   0x00000f
            .udata_ICMP.o      udata   0x0005c1       data   0x000004
            .idata_Tick.o      idata   0x0005c5       data   0x000004
         .idata_Helpers.o      idata   0x0005c9       data   0x000004
   .idata_CustomHTTPApp.o      idata   0x0005cd       data   0x000004
              .idata_IP.o      idata   0x0005d1       data   0x000002
            .idata_DHCP.o      idata   0x0005d3       data   0x000001
             .idata_ARP.o      idata   0x0005d4       data   0x000001
       .idata_SPIEEPROM.o      idata   0x0005d5       data   0x000000
        .udata_SPIFlash.o      udata   0x0005d5       data   0x000000
        .idata_SPIFlash.o      idata   0x0005d5       data   0x000000
          .udata_SPIRAM.o      udata   0x0005d5       data   0x000000
          .idata_SPIRAM.o      idata   0x0005d5       data   0x000000
          .udata___init.o      udata   0x0005d5       data   0x000000
         .idata_fxm3232.o      idata   0x0005d5       data   0x000000
.udata_TCPPerformanceTest.o      udata   0x0005d5       data   0x000000
       .udata_SPIEEPROM.o      udata   0x0005d5       data   0x000000
            .idata_SNTP.o      idata   0x0005d5       data   0x000000
            .udata_SNTP.o      udata   0x0005d5       data   0x000000
            .idata_SMTP.o      idata   0x0005d5       data   0x000000
            .udata_SMTP.o      udata   0x0005d5       data   0x000000
          .udata_Reboot.o      udata   0x0005d5       data   0x000000
            .idata_MPFS.o      idata   0x0005d5       data   0x000000
            .udata_MPFS.o      udata   0x0005d5       data   0x000000
           .idata_MPFS2.o      idata   0x0005d5       data   0x000000
          .idata___init.o      idata   0x0005d5       data   0x000000
            .idata_ICMP.o      idata   0x0005d5       data   0x000000
            .idata_HTTP.o      idata   0x0005d5       data   0x000000
            .udata_HTTP.o      udata   0x0005d5       data   0x000000
        .idata_fxd3232u.o      idata   0x0005d5       data   0x000000
        .udata_fxd3232u.o      udata   0x0005d5       data   0x000000
        .idata_fxd1616u.o      idata   0x0005d5       data   0x000000
        .udata_fxd1616u.o      udata   0x0005d5       data   0x000000
        .idata_fxd0808u.o      idata   0x0005d5       data   0x000000
        .udata_fxd0808u.o      udata   0x0005d5       data   0x000000
       .idata_PAL_pUART.o      idata   0x0005d5       data   0x000000
      .udata_ParamsList.o      udata   0x0005d5       data   0x000000
      .udata_DeviceData.o      udata   0x0005d5       data   0x000000
         .udata_fxm3232.o      udata   0x0005d5       data   0x000000
         .idata_deeprom.o      idata   0x0005d5       data   0x000000
         .udata_deeprom.o      udata   0x0005d5       data   0x000000
       .idata_I2cEEPROM.o      idata   0x0005d5       data   0x000000
         .idata_MPFSImg.o      idata   0x0005d5       data   0x000000
         .udata_MPFSImg.o      udata   0x0005d5       data   0x000000
        .idata_MPFSImg2.o      idata   0x0005d5       data   0x000000
        .udata_MPFSImg2.o      udata   0x0005d5       data   0x000000
.idata_UDPPerformanceTest.o      idata   0x0005d5       data   0x000000
.udata_UDPPerformanceTest.o      udata   0x0005d5       data   0x000000
            .idata_UART.o      idata   0x0005d5       data   0x000000
            .udata_UART.o      udata   0x0005d5       data   0x000000
  .idata_UART2TCPBridge.o      idata   0x0005d5       data   0x000000
  .udata_UART2TCPBridge.o      udata   0x0005d5       data   0x000000
           .idata_TFTPc.o      idata   0x0005d5       data   0x000000
           .udata_TFTPc.o      udata   0x0005d5       data   0x000000
          .idata_Telnet.o      idata   0x0005d5       data   0x000000
          .udata_Telnet.o      udata   0x0005d5       data   0x000000
.idata_TCPPerformanceTest.o      idata   0x0005d5       data   0x000000
          .idata_Hashes.o      idata   0x0005d5       data   0x000000
          .udata_Hashes.o      udata   0x0005d5       data   0x000000
             .idata_FTP.o      idata   0x0005d5       data   0x000000
             .udata_FTP.o      udata   0x0005d5       data   0x000000
           .idata_Delay.o      idata   0x0005d5       data   0x000000
           .udata_Delay.o      udata   0x0005d5       data   0x000000
          .idata_AutoIP.o      idata   0x0005d5       data   0x000000
          .udata_AutoIP.o      udata   0x0005d5       data   0x000000
           .udata_DHCPs.o      udata   0x0005d5       data   0x000000
           .idata_DHCPs.o      idata   0x0005d5       data   0x000000
           .idata_HTTP2.o      idata   0x0005d5       data   0x000000
             .udata_DNS.o      udata   0x0005d5       data   0x000000
             .idata_DNS.o      idata   0x0005d5       data   0x000000
          .udata_DynDNS.o      udata   0x0005d5       data   0x000000
           .idata_c018i.o      idata   0x0005d5       data   0x000000
        .udata_Announce.o      udata   0x0005d5       data   0x000000
        .idata_Announce.o      idata   0x0005d5       data   0x000000
          .idata_DynDNS.o      idata   0x0005d5       data   0x000000
        .udata_ENC28J60.o      udata   0x0005d5       data   0x000000
        .idata_ENC28J60.o      idata   0x0005d5       data   0x000000
      .udata_ENCX24J600.o      udata   0x0005d5       data   0x000000
      .idata_ENCX24J600.o      idata   0x0005d5       data   0x000000
        .idata_ETH97J60.o      idata   0x0005d5       data   0x000000
            .idata_DNSs.o      idata   0x0005d5       data   0x000000
            .udata_DNSs.o      udata   0x0005d5       data   0x000000
            .udata_Main.o      udata   0x000600       data   0x000071
                 TCB_uRAM      udata   0x000671       data   0x000070
     .udata_ParamsTable.o      udata   0x0006e1       data   0x00001f
     .idata_ParamsTable.o      idata   0x000700       data   0x000067
       SYN_QUEUE_RAM_SECT      udata   0x000767       data   0x000064
         .udata_Helpers.o      udata   0x0007cb       data   0x000034
          .idata_Reboot.o      idata   0x0007ff       data   0x000001
      .idata_ParamsList.o      idata   0x000800       data   0x000063
   .udata_CustomHTTPApp.o      udata   0x000863       data   0x00005d
           .udata_HTTP2.o      udata   0x0008c0       data   0x000021
              .udata_IP.o      udata   0x0008e1       data   0x000012
            .udata_Tick.o      udata   0x0008f3       data   0x00000a
             .idata_TCP.o      idata   0x0008fd       data   0x000002
            .idata_NBNS.o      idata   0x0008ff       data   0x000001
            .idata_SNMP.o      idata   0x000900       data   0x000057
                  uartbuf      udata   0x000a00       data   0x0000a0
   .udata_CustomSNMPApp.o      udata   0x000aa0       data   0x000105
       TCP.o:TCPPeekArray     actrec   0x000ba5       data   0x000006
   TCP.o:TCPGetRxFIFOFree     actrec   0x000ba5       data   0x000004
        TCP.o:TCPGetArray     actrec   0x000ba5       data   0x000004
             TCP.o:TCPGet     actrec   0x000ba5       data   0x000002
   TCP.o:TCPGetTxFIFOFull     actrec   0x000ba5       data   0x000004
             TCP.o:TCPPut     actrec   0x000ba5       data   0x000002
     HTTP2.o:HTTPLoadConn     actrec   0x000ba5       data   0x000002
         MPFS2.o:MPFSOpen     actrec   0x000ba5       data   0x000018
         ARP.o:ARPProcess     actrec   0x000ba5       data   0x00001c
  MPFS2.o:MPFSGetFilename     actrec   0x000ba5       data   0x000004
 UdpSet.o:SendVersionData     actrec   0x000ba5       data   0x000007
        Helpers.o:strnchr     actrec   0x000ba5       data   0x000001
Helpers.o:FormatNetBIOSName     actrec   0x000ba5       data   0x000001
       ICMP.o:ICMPProcess     actrec   0x000ba5       data   0x000004
         UDP.o:UDPProcess     actrec   0x000ba5       data   0x000019
            UDP.o:UDPInit     actrec   0x000ba5       data   0x000001
         ARP.o:ARPResolve     actrec   0x000ba5       data   0x00001c
   Main.o:FailSafeHandler     actrec   0x000ba5       data   0x000002
  ETH97J60.o:MACGetHeader     actrec   0x000ba5       data   0x000014
         HTTP2.o:HTTPInit     actrec   0x000ba5       data   0x000002
I2cEEPROM.o:EEPROM_ReadMAC     actrec   0x000ba5       data   0x000001
         IP.o:IPGetHeader     actrec   0x000ba5       data   0x000016
     ARP.o:Gratuitous_ARP     actrec   0x000ba5       data   0x00001c
         MPFS2.o:MPFSInit     actrec   0x000ba5       data   0x000001
    ETH97J60.o:ReadPHYReg     actrec   0x000ba5       data   0x000002
   ETH97J60.o:WritePHYReg     actrec   0x000ba5       data   0x000001
      TCP.o:TCPRAMCopyROM     actrec   0x000ba5       data   0x000012
  TCP.o:TCPAdjustFIFOSize     actrec   0x000ba5       data   0x000006
         TCP.o:TCPProcess     actrec   0x000ba5       data   0x000025
  TCP.o:TCPFindROMArrayEx     actrec   0x000ba5       data   0x000031
     TCP.o:TCPFindArrayEx     actrec   0x000ba5       data   0x000030
SNMP.o:ProcessGetSetHeader     actrec   0x000ba5       data   0x000004
  SNMP.o:ProcessVariables     actrec   0x000ba5       data   0x00005c
     SNMP.o:ProcessHeader     actrec   0x000ba5       data   0x000014
 PAL_pUART.o:puart_tx_drv     actrec   0x000ba5       data   0x000001
 PAL_pUART.o:uart_out_adr     actrec   0x000ba5       data   0x000003
          DHCP.o:DHCPInit     actrec   0x000ba5       data   0x000001
        SNMP.o:SNMPNotify     actrec   0x000ba5       data   0x00004c
 SNMP.o:SNMPIsNotifyReady     actrec   0x000ba5       data   0x00000c
 PAL_pUART.o:puart_rx_drv     actrec   0x000ba5       data   0x000001
 Helpers.o:stricmppgm2ram     actrec   0x000ba5       data   0x000002
PAL_pUART.o:puart_control_check     actrec   0x000ba5       data   0x000003
      Reboot.o:RebootTask     actrec   0x000ba5       data   0x00000e
      DHCP.o:_DHCPReceive     actrec   0x000ba5       data   0x000009
ParamsTable.o:SettingsReset     actrec   0x000ba5       data   0x000006
ParamsTable.o:SettingsLoad     actrec   0x000ba5       data   0x000004
    HTTP2.o:HTTPURLDecode     actrec   0x000ba5       data   0x000009
     HTTP2.o:HTTPSendFile     actrec   0x000ba5       data   0x000045
Helpers.o:GenerateRandomDWORD     actrec   0x000ba5       data   0x000014
Helpers.o:StringToIPAddress     actrec   0x000ba5       data   0x000007
Helpers.o:ROMStringToIPAddress     actrec   0x000ba5       data   0x000007
          Helpers.o:uitoa     actrec   0x000ba5       data   0x000006
CustomSNMPApp.o:SNMPSendSpaSibTrap     actrec   0x000ba5       data   0x00000c
Helpers.o:leftRotateDWORD     actrec   0x000ba5       data   0x000002
CustomSNMPApp.o:SNMPGetTimeStamp     actrec   0x000ba5       data   0x000010
         DHCP.o:_DHCPSend     actrec   0x000ba5       data   0x000005
          NBNS.o:NBNSTask     actrec   0x000ba5       data   0x000021
      HTTP2.o:HTTPIncFile     actrec   0x000ba5       data   0x000045
       ETH97J60.o:MACInit     actrec   0x000ba6       data   0x000001
CustomHTTPApp.o:HTTPPrint_config_mac     actrec   0x000ba7       data   0x000001
            TCP.o:TCPOpen     actrec   0x000ba7       data   0x000001
CustomHTTPApp.o:HTTPPrint_OldIP     actrec   0x000bab       data   0x000006
            TCP.o:TCPPeek     actrec   0x000bab       data   0x000001
ParamsTable.o:SettingsSetDefaul     actrec   0x000bab       data   0x000002
     Main.o:InitAppConfig     actrec   0x000bab       data   0x000006
   UdpSet.o:DiscoveryTask     actrec   0x000bac       data   0x000006
      UdpSet.o:AnnounceIP     actrec   0x000bac       data   0x000002
        UDP.o:UDPGetArray     actrec   0x000bae       data   0x000002
          DHCP.o:DHCPTask     actrec   0x000bb0       data   0x000001
PAL_pUART.o:puart_uart_in_an     actrec   0x000bb1       data   0x000007
CustomHTTPApp.o:HTTPPrintIP     actrec   0x000bb1       data   0x000005
ParamsTable.o:SettingsInit     actrec   0x000bb1       data   0x000002
        UDP.o:UDPPutArray     actrec   0x000bb2       data   0x000002
     UDP.o:UDPPutROMArray     actrec   0x000bb2       data   0x000002
     Tick.o:TickGetDiv64K     actrec   0x000bb5       data   0x000004
CustomHTTPApp.o:HTTPPrint_SoftwareVer     actrec   0x000bb7       data   0x000007
CustomHTTPApp.o:HTTPPrint_Site     actrec   0x000bb7       data   0x000012
PAL_pUART.o:puart_uart_in     actrec   0x000bb8       data   0x000003
  SNMP.o:IsValidCommunity     actrec   0x000bb9       data   0x000002
        SNMP.o:IsValidInt     actrec   0x000bb9       data   0x000008
            TCP.o:TCPInit     actrec   0x000bb9       data   0x00000b
        SNMP.o:IsValidPDU     actrec   0x000bb9       data   0x000003
ETH97J60.o:MACCalcRxChecksum     actrec   0x000bbb       data   0x000004
 UDP.o:FindMatchingSocket     actrec   0x000bbe       data   0x000004
            TCP.o:TCPTick     actrec   0x000bc1       data   0x000006
 SNMP.o:SNMPNotifyPrepare     actrec   0x000bc1       data   0x000002
   Helpers.o:LFSRSeedRand     actrec   0x000bc4       data   0x000005
            UDP.o:UDPOpen     actrec   0x000bc6       data   0x000003
       NBNS.o:NBNSPutName     actrec   0x000bc6       data   0x000002
       NBNS.o:NBNSGetName     actrec   0x000bc6       data   0x000003
     TCP.o:TCPPutROMArray     actrec   0x000bc9       data   0x000006
  ETH97J60.o:MACDiscardRx     actrec   0x000bca       data   0x000002
       TCP.o:HandleTCPSeg     actrec   0x000bca       data   0x00001c
 TCP.o:FindMatchingSocket     actrec   0x000bca       data   0x000006
CustomHTTPApp.o:HTTPExecutePost     actrec   0x000bd5       data   0x000014
HTTP2.o:HTTPHeaderParseContentLength     actrec   0x000bd6       data   0x00000c
TCP.o:GetMaxSegSizeOption     actrec   0x000be6       data   0x000004
       Helpers.o:LFSRRand     actrec   0x000be6       data   0x000001
CustomHTTPApp.o:HTTPPostConfig     actrec   0x000be9       data   0x000006
            TCP.o:SendTCP     actrec   0x000bea       data   0x000028
      TCP.o:TCPIsPutReady     actrec   0x000bea       data   0x000001
       MPFS2.o:MPFSOpenID     actrec   0x000bea       data   0x000001
     Tick.o:TickGetDiv256     actrec   0x000bef       data   0x000004
CustomSNMPApp.o:SNMPSpaSibTrapTask     actrec   0x000bf1       data   0x00004a
       HTTP2.o:HTTPReadTo     actrec   0x000bf3       data   0x000003
 HTTP2.o:HTTPReadPostName     actrec   0x000bf6       data   0x000001
HTTP2.o:HTTPReadPostValue     actrec   0x000bf6       data   0x000001
 SNMP.o:ProcessGetNextVar     actrec   0x000c01       data   0x000036
 SNMP.o:ProcessGetBulkVar     actrec   0x000c01       data   0x00002a
    PAL_pUART.o:puart_out     actrec   0x000c01       data   0x000012
         SNMP.o:OIDLookup     actrec   0x000c01       data   0x000013
         SNMP.o:IsASNNull     actrec   0x000c01       data   0x000001
        SNMP.o:IsValidOID     actrec   0x000c01       data   0x000004
    SNMP.o:SetErrorStatus     actrec   0x000c01       data   0x000002
CustomSNMPApp.o:SNMPValidateCommunity     actrec   0x000c01       data   0x000003
 SNMP.o:FindOIDsInRequest     actrec   0x000c01       data   0x000007
SNMP.o:SNMPCheckIfPvtMibObjRequested     actrec   0x000c01       data   0x000005
     Main.o:SaveAppConfig     actrec   0x000c01       data   0x000059
  SNMP.o:IsValidStructure     actrec   0x000c08       data   0x000005
     SNMP.o:IsValidLength     actrec   0x000c0d       data   0x000004
          SNMP.o:_SNMPGet     actrec   0x000c11       data   0x000001
        TCP.o:TCPPutArray     actrec   0x000c12       data   0x000006
     StackTsk.o:StackTask     actrec   0x000c12       data   0x000009
ETH97J60.o:MACGetFreeRxSize     actrec   0x000c1b       data   0x000004
ETH97J60.o:MACSetReadPtrInRx     actrec   0x000c1b       data   0x000002
ETH97J60.o:MACMemCopyAsync     actrec   0x000c1b       data   0x000006
CustomSNMPApp.o:SNMPIdRecrdValidation     actrec   0x000c37       data   0x000008
       SNMP.o:GetNextLeaf     actrec   0x000c37       data   0x000002
     SNMP.o:ProcessGetVar     actrec   0x000c37       data   0x00000f
ETH97J60.o:CalcIPBufferChecksum     actrec   0x000c3b       data   0x00001e
      ETH97J60.o:MACFlush     actrec   0x000c3b       data   0x000001
 ETH97J60.o:MACSetReadPtr     actrec   0x000c3b       data   0x000002
SNMP.o:GetOIDStringByAddr     actrec   0x000c3b       data   0x000026
         IP.o:IPPutHeader     actrec   0x000c3b       data   0x000014
      MPFS2.o:MPFSOpenROM     actrec   0x000c3b       data   0x000019
ETH97J60.o:MACSetWritePtr     actrec   0x000c46       data   0x000002
CustomSNMPApp.o:SNMPGetVar     actrec   0x000c46       data   0x000001
          Helpers.o:swaps     actrec   0x000c4f       data   0x000003
           UDP.o:UDPFlush     actrec   0x000c59       data   0x00001c
      HTTP2.o:HTTPProcess     actrec   0x000c5a       data   0x000019
CustomSNMPApp.o:SNMPSetVar     actrec   0x000c5a       data   0x000059
  SNMP.o:GetOIDStringByID     actrec   0x000c61       data   0x000004
         MPFS2.o:MPFSSeek     actrec   0x000c65       data   0x000004
     SNMP.o:ReadMIBRecord     actrec   0x000c69       data   0x000003
          MPFS2.o:MPFSGet     actrec   0x000c73       data   0x000004
     MPFS2.o:MPFSGetArray     actrec   0x000c73       data   0x000004
   ETH97J60.o:MACGetArray     actrec   0x000c75       data   0x000003
       HTTP2.o:HTTPServer     actrec   0x000c78       data   0x000001
          SNMP.o:SNMPTask     actrec   0x000cb3       data   0x00001e
     SNMP.o:ProcessSetVar     actrec   0x000cd1       data   0x00000c
  Main.o:I2C_Fail_Timeout     actrec   0x000cdd       data   0x000005
 Helpers.o:CalcIPChecksum     actrec   0x000cdd       data   0x000008
ParamsTable.o:TestSaveParam     actrec   0x000ce2       data   0x000002
I2cEEPROM.o:EEPROM_WriteArray     actrec   0x000ce2       data   0x000001
I2cEEPROM.o:EEPROM_ReadByte     actrec   0x000ce4       data   0x000001
ParamsTable.o:SettingsSave     actrec   0x000ce5       data   0x000005
      I2cEEPROM.o:WaitSSP     actrec   0x000cea       data   0x000004
            Main.o:LowISR     actrec   0x000cee       data   0x000001
I2cEEPROM.o:EEPROM_ReadArray     actrec   0x000cef       data   0x000001
                   .stack      udata   0x000d00       data   0x000100
   .idata_CustomSNMPApp.o      idata   0x000e00       data   0x00007b
            .udata_NBNS.o      udata   0x000e7b       data   0x000005
              SFR_BANKED0      udata   0x000e80       data   0x000006
              SFR_BANKED1      udata   0x000e8a       data   0x000001
              SFR_BANKED2      udata   0x000e97       data   0x000003
              SFR_BANKED3      udata   0x000ea0       data   0x000001
              SFR_BANKED4      udata   0x000ea2       data   0x000003
              SFR_BANKED5      udata   0x000ea6       data   0x000002
              SFR_BANKED6      udata   0x000eaa       data   0x000002
              SFR_BANKED7      udata   0x000eb2       data   0x000001
              SFR_BANKED8      udata   0x000eb4       data   0x000001
              SFR_BANKED9      udata   0x000eb6       data   0x000004
             SFR_BANKED10      udata   0x000ec0       data   0x000012
             SFR_BANKED11      udata   0x000ed4       data   0x000002
             SFR_BANKED12      udata   0x000ed8       data   0x000002
             SFR_BANKED13      udata   0x000ee2       data   0x000016
             SFR_BANKED14      udata   0x000efb       data   0x000001
             SFR_BANKED15      udata   0x000efd       data   0x000002
      .idata_DeviceData.o      idata   0x000f00       data   0x000060
            SFR_UNBANKED0      udata   0x000f60       data   0x0000a0



                              Program Memory Usage 
                               Start         End      
                           ---------   ---------      
                            0x000000    0x018843      
                            0x01fff8    0x01fff8      
                            0x01fffa    0x01fffb      
                            0x01fffd    0x01fffd      
            100424 out of 131072 program addresses used, program memory utilization is 76%



                              Symbols - Sorted by Name
                     Name    Address   Location    Storage File                     
                ---------  ---------  ---------  --------- ---------                
                  ARPInit   0x0169f0    program     extern E:\Users\Pal\DEVICES\Kern_dev_\SOFT2\MCHP\Kern_v6\Microchip\TCPIP Stack\ARP.c
            ARPIsResolved   0x016c00    program     extern E:\Users\Pal\DEVICES\Kern_dev_\SOFT2\MCHP\Kern_v6\Microchip\TCPIP Stack\ARP.c
               ARPProcess   0x016a14    program     extern E:\Users\Pal\DEVICES\Kern_dev_\SOFT2\MCHP\Kern_v6\Microchip\TCPIP Stack\ARP.c
                   ARPPut   0x0168e8    program     static E:\Users\Pal\DEVICES\Kern_dev_\SOFT2\MCHP\Kern_v6\Microchip\TCPIP Stack\ARP.c
               ARPResolve   0x016b5e    program     extern E:\Users\Pal\DEVICES\Kern_dev_\SOFT2\MCHP\Kern_v6\Microchip\TCPIP Stack\ARP.c
               AnnounceIP   0x0158bc    program     extern E:\Users\Pal\DEVICES\Kern_dev_\SOFT2\MCHP\Kern_v6\Kern\UdpSet.c
     CalcIPBufferChecksum   0x014b94    program     extern E:\Users\Pal\DEVICES\Kern_dev_\SOFT2\MCHP\Kern_v6\Microchip\TCPIP Stack\ETH97J60.c
           CalcIPChecksum   0x0144c0    program     extern E:\Users\Pal\DEVICES\Kern_dev_\SOFT2\MCHP\Kern_v6\Microchip\TCPIP Stack\Helpers.c
              CloseSocket   0x0030c6    program     static E:\Users\Pal\DEVICES\Kern_dev_\SOFT2\MCHP\Kern_v6\Microchip\TCPIP Stack\TCP.c
                   D0808S   0x017d60    program     static C:\MCC18\src\traditional\math\fxd0808s.asm
                D0808SNEG   0x017d6e    program     static C:\MCC18\src\traditional\math\fxd0808s.asm
                 D0808SOK   0x017d6a    program     static C:\MCC18\src\traditional\math\fxd0808s.asm
                  D0808SX   0x017d74    program     static C:\MCC18\src\traditional\math\fxd0808s.asm
                  DA0808S   0x017d56    program     static C:\MCC18\src\traditional\math\fxd0808s.asm
              DHCPDisable   0x011dee    program     extern E:\Users\Pal\DEVICES\Kern_dev_\SOFT2\MCHP\Kern_v6\Microchip\TCPIP Stack\DHCP.c
               DHCPEnable   0x011e08    program     extern E:\Users\Pal\DEVICES\Kern_dev_\SOFT2\MCHP\Kern_v6\Microchip\TCPIP Stack\DHCP.c
                 DHCPInit   0x011da4    program     extern E:\Users\Pal\DEVICES\Kern_dev_\SOFT2\MCHP\Kern_v6\Microchip\TCPIP Stack\DHCP.c
              DHCPIsBound   0x011e24    program     extern E:\Users\Pal\DEVICES\Kern_dev_\SOFT2\MCHP\Kern_v6\Microchip\TCPIP Stack\DHCP.c
            DHCPIsEnabled   0x011e1a    program     extern E:\Users\Pal\DEVICES\Kern_dev_\SOFT2\MCHP\Kern_v6\Microchip\TCPIP Stack\DHCP.c
     DHCPIsServerDetected   0x011e3a    program     extern E:\Users\Pal\DEVICES\Kern_dev_\SOFT2\MCHP\Kern_v6\Microchip\TCPIP Stack\DHCP.c
         DHCPStateChanged   0x011e2c    program     extern E:\Users\Pal\DEVICES\Kern_dev_\SOFT2\MCHP\Kern_v6\Microchip\TCPIP Stack\DHCP.c
                 DHCPTask   0x011e46    program     extern E:\Users\Pal\DEVICES\Kern_dev_\SOFT2\MCHP\Kern_v6\Microchip\TCPIP Stack\DHCP.c
           DeviceDataInit   0x01811a    program     extern E:\Users\Pal\DEVICES\Kern_dev_\SOFT2\MCHP\Kern_v6\Kern\DeviceData.c
            DiscoveryTask   0x0159a2    program     extern E:\Users\Pal\DEVICES\Kern_dev_\SOFT2\MCHP\Kern_v6\Kern\UdpSet.c
         EEPROM_READ_TEST   0x0179d0    program     extern E:\Users\Pal\DEVICES\Kern_dev_\SOFT2\MCHP\Kern_v6\Kern\I2cEEPROM.c
         EEPROM_ReadArray   0x017a9a    program     extern E:\Users\Pal\DEVICES\Kern_dev_\SOFT2\MCHP\Kern_v6\Kern\I2cEEPROM.c
          EEPROM_ReadByte   0x017964    program     extern E:\Users\Pal\DEVICES\Kern_dev_\SOFT2\MCHP\Kern_v6\Kern\I2cEEPROM.c
           EEPROM_ReadMAC   0x017998    program     extern E:\Users\Pal\DEVICES\Kern_dev_\SOFT2\MCHP\Kern_v6\Kern\I2cEEPROM.c
        EEPROM_WriteArray   0x0179fc    program     extern E:\Users\Pal\DEVICES\Kern_dev_\SOFT2\MCHP\Kern_v6\Kern\I2cEEPROM.c
         EEPROM_WriteByte   0x017940    program     extern E:\Users\Pal\DEVICES\Kern_dev_\SOFT2\MCHP\Kern_v6\Kern\I2cEEPROM.c
                 FXD0808S   0x017d4a    program     extern C:\MCC18\src\traditional\math\fxd0808s.asm
                 FXD0808U   0x0185c4    program     extern C:\MCC18\src\traditional\math\fxd0808u.c
                 FXD1616U   0x018550    program     extern C:\MCC18\src\traditional\math\fxd1616u.c
                 FXD3232U   0x018508    program     extern C:\MCC18\src\traditional\math\fxd3232u.c
                 FXM1616S   0x017d7e    program     extern C:\MCC18\src\traditional\math\fxm1616s.asm
                 FXM1616U   0x017dd8    program     extern C:\MCC18\src\traditional\math\fxm1616u.asm
                 FXM2424U   0x017e14    program     extern C:\MCC18\src\traditional\math\fxm2424u.asm
                  FXM3232   0x018498    program     extern C:\MCC18\src\traditional\math\fxm3232.c
          FailSafeHandler   0x013272    program     extern E:\Users\Pal\DEVICES\Kern_dev_\SOFT2\MCHP\Kern_v6\Kern\Main.c
       FindMatchingSocket   0x013be4    program     static E:\Users\Pal\DEVICES\Kern_dev_\SOFT2\MCHP\Kern_v6\Microchip\TCPIP Stack\UDP.c
       FindMatchingSocket   0x0029f6    program     static E:\Users\Pal\DEVICES\Kern_dev_\SOFT2\MCHP\Kern_v6\Microchip\TCPIP Stack\TCP.c
        FindOIDsInRequest   0x008770    program     static E:\Users\Pal\DEVICES\Kern_dev_\SOFT2\MCHP\Kern_v6\Microchip\TCPIP Stack\SNMP.c
        FormatNetBIOSName   0x0145fe    program     extern E:\Users\Pal\DEVICES\Kern_dev_\SOFT2\MCHP\Kern_v6\Microchip\TCPIP Stack\Helpers.c
      GenerateRandomDWORD   0x013e52    program     extern E:\Users\Pal\DEVICES\Kern_dev_\SOFT2\MCHP\Kern_v6\Microchip\TCPIP Stack\Helpers.c
          GetDataTypeInfo   0x007fea    program     extern E:\Users\Pal\DEVICES\Kern_dev_\SOFT2\MCHP\Kern_v6\Microchip\TCPIP Stack\SNMP.c
    GetHarwareResetStatus   0x012ed4    program     extern E:\Users\Pal\DEVICES\Kern_dev_\SOFT2\MCHP\Kern_v6\Kern\Main.c
      GetMaxSegSizeOption   0x003170    program     static E:\Users\Pal\DEVICES\Kern_dev_\SOFT2\MCHP\Kern_v6\Microchip\TCPIP Stack\TCP.c
              GetNextLeaf   0x0076d8    program     extern E:\Users\Pal\DEVICES\Kern_dev_\SOFT2\MCHP\Kern_v6\Microchip\TCPIP Stack\SNMP.c
       GetOIDStringByAddr   0x007cb8    program     extern E:\Users\Pal\DEVICES\Kern_dev_\SOFT2\MCHP\Kern_v6\Microchip\TCPIP Stack\SNMP.c
         GetOIDStringByID   0x007bc6    program     extern E:\Users\Pal\DEVICES\Kern_dev_\SOFT2\MCHP\Kern_v6\Microchip\TCPIP Stack\SNMP.c
              GetTickCopy   0x0182e8    program     static E:\Users\Pal\DEVICES\Kern_dev_\SOFT2\MCHP\Kern_v6\Microchip\TCPIP Stack\Tick.c
           Gratuitous_ARP   0x016d5e    program     extern E:\Users\Pal\DEVICES\Kern_dev_\SOFT2\MCHP\Kern_v6\Microchip\TCPIP Stack\ARP.c
           HTTPExecuteGet   0x010cd4    program     extern E:\Users\Pal\DEVICES\Kern_dev_\SOFT2\MCHP\Kern_v6\Kern\CustomHTTPApp.c
          HTTPExecutePost   0x010cd6    program     extern E:\Users\Pal\DEVICES\Kern_dev_\SOFT2\MCHP\Kern_v6\Kern\CustomHTTPApp.c
               HTTPGetArg   0x00a4a6    program     extern E:\Users\Pal\DEVICES\Kern_dev_\SOFT2\MCHP\Kern_v6\Microchip\TCPIP Stack\HTTP2.c
            HTTPGetROMArg   0x00a564    program     extern E:\Users\Pal\DEVICES\Kern_dev_\SOFT2\MCHP\Kern_v6\Microchip\TCPIP Stack\HTTP2.c
HTTPHeaderParseContentLength   0x00a292    program     static E:\Users\Pal\DEVICES\Kern_dev_\SOFT2\MCHP\Kern_v6\Microchip\TCPIP Stack\HTTP2.c
    HTTPHeaderParseLookup   0x00a286    program     static E:\Users\Pal\DEVICES\Kern_dev_\SOFT2\MCHP\Kern_v6\Microchip\TCPIP Stack\HTTP2.c
              HTTPIncFile   0x00aa60    program     extern E:\Users\Pal\DEVICES\Kern_dev_\SOFT2\MCHP\Kern_v6\Microchip\TCPIP Stack\HTTP2.c
                 HTTPInit   0x008a06    program     extern E:\Users\Pal\DEVICES\Kern_dev_\SOFT2\MCHP\Kern_v6\Microchip\TCPIP Stack\HTTP2.c
             HTTPLoadConn   0x008bf8    program     static E:\Users\Pal\DEVICES\Kern_dev_\SOFT2\MCHP\Kern_v6\Microchip\TCPIP Stack\HTTP2.c
  HTTPNeedToChangeNetSett   0x0112ae    program     extern E:\Users\Pal\DEVICES\Kern_dev_\SOFT2\MCHP\Kern_v6\Kern\CustomHTTPApp.c
           HTTPPostConfig   0x010d20    program     static E:\Users\Pal\DEVICES\Kern_dev_\SOFT2\MCHP\Kern_v6\Kern\CustomHTTPApp.c
                HTTPPrint   0x008854    program     extern E:\Users\Pal\DEVICES\Kern_dev_\SOFT2\MCHP\Kern_v6\Kern\HTTPPrint.h
              HTTPPrintIP   0x011942    program     extern E:\Users\Pal\DEVICES\Kern_dev_\SOFT2\MCHP\Kern_v6\Kern\CustomHTTPApp.c
               HTTPPrint_   0x0089e0    program     extern E:\Users\Pal\DEVICES\Kern_dev_\SOFT2\MCHP\Kern_v6\Kern\HTTPPrint.h
    HTTPPrint_HardwareVer   0x01136e    program     extern E:\Users\Pal\DEVICES\Kern_dev_\SOFT2\MCHP\Kern_v6\Kern\CustomHTTPApp.c
      HTTPPrint_IsResetIp   0x011b5c    program     extern E:\Users\Pal\DEVICES\Kern_dev_\SOFT2\MCHP\Kern_v6\Kern\CustomHTTPApp.c
        HTTPPrint_McuType   0x0118e6    program     extern E:\Users\Pal\DEVICES\Kern_dev_\SOFT2\MCHP\Kern_v6\Kern\CustomHTTPApp.c
          HTTPPrint_OldIP   0x011bba    program     extern E:\Users\Pal\DEVICES\Kern_dev_\SOFT2\MCHP\Kern_v6\Kern\CustomHTTPApp.c
           HTTPPrint_Site   0x011c36    program     extern E:\Users\Pal\DEVICES\Kern_dev_\SOFT2\MCHP\Kern_v6\Kern\CustomHTTPApp.c
    HTTPPrint_SoftwareVer   0x01139c    program     extern E:\Users\Pal\DEVICES\Kern_dev_\SOFT2\MCHP\Kern_v6\Kern\CustomHTTPApp.c
       HTTPPrint_StackVer   0x011914    program     extern E:\Users\Pal\DEVICES\Kern_dev_\SOFT2\MCHP\Kern_v6\Kern\CustomHTTPApp.c
      HTTPPrint_builddate   0x0112bc    program     extern E:\Users\Pal\DEVICES\Kern_dev_\SOFT2\MCHP\Kern_v6\Kern\CustomHTTPApp.c
      HTTPPrint_config_gw   0x011a0e    program     extern E:\Users\Pal\DEVICES\Kern_dev_\SOFT2\MCHP\Kern_v6\Kern\CustomHTTPApp.c
HTTPPrint_config_hostname   0x0119d0    program     extern E:\Users\Pal\DEVICES\Kern_dev_\SOFT2\MCHP\Kern_v6\Kern\CustomHTTPApp.c
      HTTPPrint_config_ip   0x0119fa    program     extern E:\Users\Pal\DEVICES\Kern_dev_\SOFT2\MCHP\Kern_v6\Kern\CustomHTTPApp.c
     HTTPPrint_config_mac   0x011a36    program     extern E:\Users\Pal\DEVICES\Kern_dev_\SOFT2\MCHP\Kern_v6\Kern\CustomHTTPApp.c
  HTTPPrint_config_subnet   0x011a22    program     extern E:\Users\Pal\DEVICES\Kern_dev_\SOFT2\MCHP\Kern_v6\Kern\CustomHTTPApp.c
         HTTPPrint_macdis   0x011b2e    program     extern E:\Users\Pal\DEVICES\Kern_dev_\SOFT2\MCHP\Kern_v6\Kern\CustomHTTPApp.c
          HTTPPrint_setup   0x011bfc    program     extern E:\Users\Pal\DEVICES\Kern_dev_\SOFT2\MCHP\Kern_v6\Kern\CustomHTTPApp.c
              HTTPProcess   0x008cb6    program     static E:\Users\Pal\DEVICES\Kern_dev_\SOFT2\MCHP\Kern_v6\Microchip\TCPIP Stack\HTTP2.c
         HTTPReadPostName   0x00a65e    program     extern E:\Users\Pal\DEVICES\Kern_dev_\SOFT2\MCHP\Kern_v6\Microchip\TCPIP Stack\HTTP2.c
        HTTPReadPostValue   0x00a69e    program     extern E:\Users\Pal\DEVICES\Kern_dev_\SOFT2\MCHP\Kern_v6\Microchip\TCPIP Stack\HTTP2.c
               HTTPReadTo   0x00a74e    program     static E:\Users\Pal\DEVICES\Kern_dev_\SOFT2\MCHP\Kern_v6\Microchip\TCPIP Stack\HTTP2.c
       HTTPRequestHeaders   0x01848f    program     static E:\Users\Pal\DEVICES\Kern_dev_\SOFT2\MCHP\Kern_v6\Microchip\TCPIP Stack\HTTP2.c
      HTTPResponseHeaders   0x018471    program     static E:\Users\Pal\DEVICES\Kern_dev_\SOFT2\MCHP\Kern_v6\Microchip\TCPIP Stack\HTTP2.c
             HTTPSendFile   0x00a05e    program     static E:\Users\Pal\DEVICES\Kern_dev_\SOFT2\MCHP\Kern_v6\Microchip\TCPIP Stack\HTTP2.c
               HTTPServer   0x008ad4    program     extern E:\Users\Pal\DEVICES\Kern_dev_\SOFT2\MCHP\Kern_v6\Microchip\TCPIP Stack\HTTP2.c
            HTTPURLDecode   0x00a36c    program     extern E:\Users\Pal\DEVICES\Kern_dev_\SOFT2\MCHP\Kern_v6\Microchip\TCPIP Stack\HTTP2.c
                HTTP_CRLF   0x018426    program     static E:\Users\Pal\DEVICES\Kern_dev_\SOFT2\MCHP\Kern_v6\Microchip\TCPIP Stack\HTTP2.c
             HandleTCPSeg   0x003272    program     static E:\Users\Pal\DEVICES\Kern_dev_\SOFT2\MCHP\Kern_v6\Microchip\TCPIP Stack\TCP.c
                  HighISR   0x012a00    program     extern E:\Users\Pal\DEVICES\Kern_dev_\SOFT2\MCHP\Kern_v6\Kern\Main.c
               HighVector   0x000008    program     extern E:\Users\Pal\DEVICES\Kern_dev_\SOFT2\MCHP\Kern_v6\Kern\Main.c
         I2C_Fail_Timeout   0x0132b0    program     extern E:\Users\Pal\DEVICES\Kern_dev_\SOFT2\MCHP\Kern_v6\Kern\Main.c
              ICMPProcess   0x0181fe    program     extern E:\Users\Pal\DEVICES\Kern_dev_\SOFT2\MCHP\Kern_v6\Microchip\TCPIP Stack\ICMP.c
              IPGetHeader   0x0175d0    program     extern E:\Users\Pal\DEVICES\Kern_dev_\SOFT2\MCHP\Kern_v6\Microchip\TCPIP Stack\IP.c
              IPPutHeader   0x0176c2    program     extern E:\Users\Pal\DEVICES\Kern_dev_\SOFT2\MCHP\Kern_v6\Microchip\TCPIP Stack\IP.c
            IPSetRxBuffer   0x0177ae    program     extern E:\Users\Pal\DEVICES\Kern_dev_\SOFT2\MCHP\Kern_v6\Microchip\TCPIP Stack\IP.c
            InitAppConfig   0x012f04    program     static E:\Users\Pal\DEVICES\Kern_dev_\SOFT2\MCHP\Kern_v6\Kern\Main.c
            InitI2cEeprom   0x017872    program     extern E:\Users\Pal\DEVICES\Kern_dev_\SOFT2\MCHP\Kern_v6\Kern\I2cEEPROM.c
          InitializeBoard   0x012d02    program     static E:\Users\Pal\DEVICES\Kern_dev_\SOFT2\MCHP\Kern_v6\Kern\Main.c
                IsASNNull   0x007aa2    program     static E:\Users\Pal\DEVICES\Kern_dev_\SOFT2\MCHP\Kern_v6\Microchip\TCPIP Stack\SNMP.c
         IsValidCommunity   0x007912    program     static E:\Users\Pal\DEVICES\Kern_dev_\SOFT2\MCHP\Kern_v6\Microchip\TCPIP Stack\SNMP.c
               IsValidInt   0x00796e    program     extern E:\Users\Pal\DEVICES\Kern_dev_\SOFT2\MCHP\Kern_v6\Microchip\TCPIP Stack\SNMP.c
            IsValidLength   0x007a34    program     extern E:\Users\Pal\DEVICES\Kern_dev_\SOFT2\MCHP\Kern_v6\Microchip\TCPIP Stack\SNMP.c
               IsValidOID   0x007abc    program     static E:\Users\Pal\DEVICES\Kern_dev_\SOFT2\MCHP\Kern_v6\Microchip\TCPIP Stack\SNMP.c
               IsValidPDU   0x0079f2    program     static E:\Users\Pal\DEVICES\Kern_dev_\SOFT2\MCHP\Kern_v6\Microchip\TCPIP Stack\SNMP.c
         IsValidStructure   0x007b24    program     extern E:\Users\Pal\DEVICES\Kern_dev_\SOFT2\MCHP\Kern_v6\Microchip\TCPIP Stack\SNMP.c
                 LFSRRand   0x013dd2    program     extern E:\Users\Pal\DEVICES\Kern_dev_\SOFT2\MCHP\Kern_v6\Microchip\TCPIP Stack\Helpers.c
             LFSRSeedRand   0x013d74    program     extern E:\Users\Pal\DEVICES\Kern_dev_\SOFT2\MCHP\Kern_v6\Microchip\TCPIP Stack\Helpers.c
                   LowISR   0x0128a4    program     extern E:\Users\Pal\DEVICES\Kern_dev_\SOFT2\MCHP\Kern_v6\Kern\Main.c
                LowVector   0x000018    program     extern E:\Users\Pal\DEVICES\Kern_dev_\SOFT2\MCHP\Kern_v6\Kern\Main.c
        MACCalcRxChecksum   0x014b20    program     extern E:\Users\Pal\DEVICES\Kern_dev_\SOFT2\MCHP\Kern_v6\Microchip\TCPIP Stack\ETH97J60.c
             MACDiscardRx   0x0147ee    program     extern E:\Users\Pal\DEVICES\Kern_dev_\SOFT2\MCHP\Kern_v6\Microchip\TCPIP Stack\ETH97J60.c
                 MACFlush   0x014a70    program     extern E:\Users\Pal\DEVICES\Kern_dev_\SOFT2\MCHP\Kern_v6\Microchip\TCPIP Stack\ETH97J60.c
                   MACGet   0x014e90    program     extern E:\Users\Pal\DEVICES\Kern_dev_\SOFT2\MCHP\Kern_v6\Microchip\TCPIP Stack\ETH97J60.c
              MACGetArray   0x014e94    program     extern E:\Users\Pal\DEVICES\Kern_dev_\SOFT2\MCHP\Kern_v6\Microchip\TCPIP Stack\ETH97J60.c
         MACGetFreeRxSize   0x01485e    program     extern E:\Users\Pal\DEVICES\Kern_dev_\SOFT2\MCHP\Kern_v6\Microchip\TCPIP Stack\ETH97J60.c
             MACGetHeader   0x0148f6    program     extern E:\Users\Pal\DEVICES\Kern_dev_\SOFT2\MCHP\Kern_v6\Microchip\TCPIP Stack\ETH97J60.c
                  MACInit   0x0146b8    program     extern E:\Users\Pal\DEVICES\Kern_dev_\SOFT2\MCHP\Kern_v6\Microchip\TCPIP Stack\ETH97J60.c
              MACIsLinked   0x0147aa    program     extern E:\Users\Pal\DEVICES\Kern_dev_\SOFT2\MCHP\Kern_v6\Microchip\TCPIP Stack\ETH97J60.c
         MACIsMemCopyDone   0x014e84    program     extern E:\Users\Pal\DEVICES\Kern_dev_\SOFT2\MCHP\Kern_v6\Microchip\TCPIP Stack\ETH97J60.c
             MACIsTxReady   0x0147bc    program     extern E:\Users\Pal\DEVICES\Kern_dev_\SOFT2\MCHP\Kern_v6\Microchip\TCPIP Stack\ETH97J60.c
          MACMemCopyAsync   0x014cc8    program     extern E:\Users\Pal\DEVICES\Kern_dev_\SOFT2\MCHP\Kern_v6\Microchip\TCPIP Stack\ETH97J60.c
             MACPowerDown   0x014fce    program     extern E:\Users\Pal\DEVICES\Kern_dev_\SOFT2\MCHP\Kern_v6\Microchip\TCPIP Stack\ETH97J60.c
               MACPowerUp   0x014fe0    program     extern E:\Users\Pal\DEVICES\Kern_dev_\SOFT2\MCHP\Kern_v6\Microchip\TCPIP Stack\ETH97J60.c
                   MACPut   0x014ef6    program     extern E:\Users\Pal\DEVICES\Kern_dev_\SOFT2\MCHP\Kern_v6\Microchip\TCPIP Stack\ETH97J60.c
              MACPutArray   0x014f00    program     extern E:\Users\Pal\DEVICES\Kern_dev_\SOFT2\MCHP\Kern_v6\Microchip\TCPIP Stack\ETH97J60.c
             MACPutHeader   0x014a10    program     extern E:\Users\Pal\DEVICES\Kern_dev_\SOFT2\MCHP\Kern_v6\Microchip\TCPIP Stack\ETH97J60.c
           MACPutROMArray   0x014f32    program     extern E:\Users\Pal\DEVICES\Kern_dev_\SOFT2\MCHP\Kern_v6\Microchip\TCPIP Stack\ETH97J60.c
            MACSetReadPtr   0x014b06    program     extern E:\Users\Pal\DEVICES\Kern_dev_\SOFT2\MCHP\Kern_v6\Microchip\TCPIP Stack\ETH97J60.c
        MACSetReadPtrInRx   0x014a96    program     extern E:\Users\Pal\DEVICES\Kern_dev_\SOFT2\MCHP\Kern_v6\Microchip\TCPIP Stack\ETH97J60.c
           MACSetWritePtr   0x014aec    program     extern E:\Users\Pal\DEVICES\Kern_dev_\SOFT2\MCHP\Kern_v6\Microchip\TCPIP Stack\ETH97J60.c
                MPFSClose   0x00eeb6    program     extern E:\Users\Pal\DEVICES\Kern_dev_\SOFT2\MCHP\Kern_v6\Microchip\TCPIP Stack\MPFS2.c
                  MPFSGet   0x00eefa    program     extern E:\Users\Pal\DEVICES\Kern_dev_\SOFT2\MCHP\Kern_v6\Microchip\TCPIP Stack\MPFS2.c
             MPFSGetArray   0x00f034    program     extern E:\Users\Pal\DEVICES\Kern_dev_\SOFT2\MCHP\Kern_v6\Microchip\TCPIP Stack\MPFS2.c
          MPFSGetBytesRem   0x00f82e    program     extern E:\Users\Pal\DEVICES\Kern_dev_\SOFT2\MCHP\Kern_v6\Microchip\TCPIP Stack\MPFS2.c
           MPFSGetEndAddr   0x00f95e    program     extern E:\Users\Pal\DEVICES\Kern_dev_\SOFT2\MCHP\Kern_v6\Microchip\TCPIP Stack\MPFS2.c
          MPFSGetFilename   0x00fa14    program     extern E:\Users\Pal\DEVICES\Kern_dev_\SOFT2\MCHP\Kern_v6\Microchip\TCPIP Stack\MPFS2.c
             MPFSGetFlags   0x00f71a    program     extern E:\Users\Pal\DEVICES\Kern_dev_\SOFT2\MCHP\Kern_v6\Microchip\TCPIP Stack\MPFS2.c
                MPFSGetID   0x00fb4c    program     extern E:\Users\Pal\DEVICES\Kern_dev_\SOFT2\MCHP\Kern_v6\Microchip\TCPIP Stack\MPFS2.c
              MPFSGetLong   0x00f1de    program     extern E:\Users\Pal\DEVICES\Kern_dev_\SOFT2\MCHP\Kern_v6\Microchip\TCPIP Stack\MPFS2.c
         MPFSGetMicrotime   0x00f68a    program     extern E:\Users\Pal\DEVICES\Kern_dev_\SOFT2\MCHP\Kern_v6\Microchip\TCPIP Stack\MPFS2.c
          MPFSGetPosition   0x00fad0    program     extern E:\Users\Pal\DEVICES\Kern_dev_\SOFT2\MCHP\Kern_v6\Microchip\TCPIP Stack\MPFS2.c
              MPFSGetSize   0x00f79e    program     extern E:\Users\Pal\DEVICES\Kern_dev_\SOFT2\MCHP\Kern_v6\Microchip\TCPIP Stack\MPFS2.c
         MPFSGetStartAddr   0x00f8c4    program     extern E:\Users\Pal\DEVICES\Kern_dev_\SOFT2\MCHP\Kern_v6\Microchip\TCPIP Stack\MPFS2.c
         MPFSGetTimestamp   0x00f5fa    program     extern E:\Users\Pal\DEVICES\Kern_dev_\SOFT2\MCHP\Kern_v6\Microchip\TCPIP Stack\MPFS2.c
                 MPFSInit   0x00e7fa    program     extern E:\Users\Pal\DEVICES\Kern_dev_\SOFT2\MCHP\Kern_v6\Microchip\TCPIP Stack\MPFS2.c
                 MPFSOpen   0x00e84c    program     extern E:\Users\Pal\DEVICES\Kern_dev_\SOFT2\MCHP\Kern_v6\Microchip\TCPIP Stack\MPFS2.c
               MPFSOpenID   0x00ed9c    program     extern E:\Users\Pal\DEVICES\Kern_dev_\SOFT2\MCHP\Kern_v6\Microchip\TCPIP Stack\MPFS2.c
              MPFSOpenROM   0x00eade    program     extern E:\Users\Pal\DEVICES\Kern_dev_\SOFT2\MCHP\Kern_v6\Microchip\TCPIP Stack\MPFS2.c
                 MPFSSeek   0x00f206    program     extern E:\Users\Pal\DEVICES\Kern_dev_\SOFT2\MCHP\Kern_v6\Microchip\TCPIP Stack\MPFS2.c
              MPFS_000001   0x00d1f6    program     extern E:\Users\Pal\DEVICES\Kern_dev_\SOFT2\MCHP\Kern_v6\Kern\MPFSImg2.c
              MPFS_000002   0x00d5f6    program     extern E:\Users\Pal\DEVICES\Kern_dev_\SOFT2\MCHP\Kern_v6\Kern\MPFSImg2.c
              MPFS_000003   0x00d9f6    program     extern E:\Users\Pal\DEVICES\Kern_dev_\SOFT2\MCHP\Kern_v6\Kern\MPFSImg2.c
              MPFS_000004   0x00ddf6    program     extern E:\Users\Pal\DEVICES\Kern_dev_\SOFT2\MCHP\Kern_v6\Kern\MPFSImg2.c
              MPFS_000005   0x00e1f6    program     extern E:\Users\Pal\DEVICES\Kern_dev_\SOFT2\MCHP\Kern_v6\Kern\MPFSImg2.c
              MPFS_000006   0x00e5f6    program     extern E:\Users\Pal\DEVICES\Kern_dev_\SOFT2\MCHP\Kern_v6\Kern\MPFSImg2.c
               MPFS_Start   0x00cdf6    program     extern E:\Users\Pal\DEVICES\Kern_dev_\SOFT2\MCHP\Kern_v6\Kern\MPFSImg2.c
              NBNSGetName   0x0171fa    program     static E:\Users\Pal\DEVICES\Kern_dev_\SOFT2\MCHP\Kern_v6\Microchip\TCPIP Stack\NBNS.c
              NBNSPutName   0x0171a2    program     static E:\Users\Pal\DEVICES\Kern_dev_\SOFT2\MCHP\Kern_v6\Microchip\TCPIP Stack\NBNS.c
                 NBNSTask   0x016e32    program     extern E:\Users\Pal\DEVICES\Kern_dev_\SOFT2\MCHP\Kern_v6\Microchip\TCPIP Stack\NBNS.c
                OIDLookup   0x007200    program     extern E:\Users\Pal\DEVICES\Kern_dev_\SOFT2\MCHP\Kern_v6\Microchip\TCPIP Stack\SNMP.c
           PollResetButon   0x012e42    program     static E:\Users\Pal\DEVICES\Kern_dev_\SOFT2\MCHP\Kern_v6\Kern\Main.c
        ProcessGetBulkVar   0x006dea    program     extern E:\Users\Pal\DEVICES\Kern_dev_\SOFT2\MCHP\Kern_v6\Microchip\TCPIP Stack\SNMP.c
        ProcessGetNextVar   0x006a70    program     extern E:\Users\Pal\DEVICES\Kern_dev_\SOFT2\MCHP\Kern_v6\Microchip\TCPIP Stack\SNMP.c
      ProcessGetSetHeader   0x00554c    program     static E:\Users\Pal\DEVICES\Kern_dev_\SOFT2\MCHP\Kern_v6\Microchip\TCPIP Stack\SNMP.c
            ProcessGetVar   0x00851c    program     extern E:\Users\Pal\DEVICES\Kern_dev_\SOFT2\MCHP\Kern_v6\Microchip\TCPIP Stack\SNMP.c
            ProcessHeader   0x00538a    program     static E:\Users\Pal\DEVICES\Kern_dev_\SOFT2\MCHP\Kern_v6\Microchip\TCPIP Stack\SNMP.c
            ProcessSetVar   0x0080c8    program     extern E:\Users\Pal\DEVICES\Kern_dev_\SOFT2\MCHP\Kern_v6\Microchip\TCPIP Stack\SNMP.c
         ProcessVariables   0x005634    program     static E:\Users\Pal\DEVICES\Kern_dev_\SOFT2\MCHP\Kern_v6\Microchip\TCPIP Stack\SNMP.c
     ROMStringToIPAddress   0x014104    program     extern E:\Users\Pal\DEVICES\Kern_dev_\SOFT2\MCHP\Kern_v6\Microchip\TCPIP Stack\Helpers.c
            ReadMIBRecord   0x007dfe    program     static E:\Users\Pal\DEVICES\Kern_dev_\SOFT2\MCHP\Kern_v6\Microchip\TCPIP Stack\SNMP.c
               ReadPHYReg   0x014f6e    program     extern E:\Users\Pal\DEVICES\Kern_dev_\SOFT2\MCHP\Kern_v6\Microchip\TCPIP Stack\ETH97J60.c
               RebootTask   0x017ffc    program     extern E:\Users\Pal\DEVICES\Kern_dev_\SOFT2\MCHP\Kern_v6\Microchip\TCPIP Stack\Reboot.c
              ReceiveByte   0x01790c    program     extern E:\Users\Pal\DEVICES\Kern_dev_\SOFT2\MCHP\Kern_v6\Kern\I2cEEPROM.c
          RestoreSettings   0x012d2a    program     extern E:\Users\Pal\DEVICES\Kern_dev_\SOFT2\MCHP\Kern_v6\Kern\Main.c
SNMPCheckIfPvtMibObjRequested   0x0087f4    program     static E:\Users\Pal\DEVICES\Kern_dev_\SOFT2\MCHP\Kern_v6\Microchip\TCPIP Stack\SNMP.c
        SNMPGetExactIndex   0x00c078    program     extern E:\Users\Pal\DEVICES\Kern_dev_\SOFT2\MCHP\Kern_v6\Kern\CustomSNMPApp.c
         SNMPGetNextIndex   0x00c07a    program     extern E:\Users\Pal\DEVICES\Kern_dev_\SOFT2\MCHP\Kern_v6\Kern\CustomSNMPApp.c
         SNMPGetTimeStamp   0x00cbe4    program     static E:\Users\Pal\DEVICES\Kern_dev_\SOFT2\MCHP\Kern_v6\Kern\CustomSNMPApp.c
               SNMPGetVar   0x00c3a0    program     extern E:\Users\Pal\DEVICES\Kern_dev_\SOFT2\MCHP\Kern_v6\Kern\CustomSNMPApp.c
    SNMPIdRecrdValidation   0x00c07c    program     extern E:\Users\Pal\DEVICES\Kern_dev_\SOFT2\MCHP\Kern_v6\Kern\CustomSNMPApp.c
                 SNMPInit   0x004874    program     extern E:\Users\Pal\DEVICES\Kern_dev_\SOFT2\MCHP\Kern_v6\Microchip\TCPIP Stack\SNMP.c
        SNMPIsNotifyReady   0x004a02    program     extern E:\Users\Pal\DEVICES\Kern_dev_\SOFT2\MCHP\Kern_v6\Microchip\TCPIP Stack\SNMP.c
        SNMPIsValidSetLen   0x00b1f6    program     extern E:\Users\Pal\DEVICES\Kern_dev_\SOFT2\MCHP\Kern_v6\Kern\CustomSNMPApp.c
  SNMPNeedToChangeNetSett   0x00abd6    program     extern E:\Users\Pal\DEVICES\Kern_dev_\SOFT2\MCHP\Kern_v6\Kern\CustomSNMPApp.c
               SNMPNotify   0x004b36    program     extern E:\Users\Pal\DEVICES\Kern_dev_\SOFT2\MCHP\Kern_v6\Microchip\TCPIP Stack\SNMP.c
        SNMPNotifyPrepare   0x0049b6    program     extern E:\Users\Pal\DEVICES\Kern_dev_\SOFT2\MCHP\Kern_v6\Microchip\TCPIP Stack\SNMP.c
       SNMPSendSpaSibTrap   0x00ad60    program     extern E:\Users\Pal\DEVICES\Kern_dev_\SOFT2\MCHP\Kern_v6\Kern\CustomSNMPApp.c
    SNMPSendSpaSibTrapAll   0x00abe4    program     extern E:\Users\Pal\DEVICES\Kern_dev_\SOFT2\MCHP\Kern_v6\Kern\CustomSNMPApp.c
               SNMPSetVar   0x00b242    program     extern E:\Users\Pal\DEVICES\Kern_dev_\SOFT2\MCHP\Kern_v6\Kern\CustomSNMPApp.c
       SNMPSpaSibTrapTask   0x00ae04    program     extern E:\Users\Pal\DEVICES\Kern_dev_\SOFT2\MCHP\Kern_v6\Kern\CustomSNMPApp.c
                 SNMPTask   0x0048c8    program     extern E:\Users\Pal\DEVICES\Kern_dev_\SOFT2\MCHP\Kern_v6\Microchip\TCPIP Stack\SNMP.c
    SNMPValidateCommunity   0x00b0f0    program     extern E:\Users\Pal\DEVICES\Kern_dev_\SOFT2\MCHP\Kern_v6\Kern\CustomSNMPApp.c
            SaveAppConfig   0x0131f4    program     extern E:\Users\Pal\DEVICES\Kern_dev_\SOFT2\MCHP\Kern_v6\Kern\Main.c
                  SendAck   0x01791c    program     extern E:\Users\Pal\DEVICES\Kern_dev_\SOFT2\MCHP\Kern_v6\Kern\I2cEEPROM.c
                 SendByte   0x0178fa    program     extern E:\Users\Pal\DEVICES\Kern_dev_\SOFT2\MCHP\Kern_v6\Kern\I2cEEPROM.c
          SendDataToUdpTx   0x015b30    program     extern E:\Users\Pal\DEVICES\Kern_dev_\SOFT2\MCHP\Kern_v6\Kern\UdpSet.c
                   SendID   0x017924    program     extern E:\Users\Pal\DEVICES\Kern_dev_\SOFT2\MCHP\Kern_v6\Kern\I2cEEPROM.c
                 SendNack   0x017914    program     extern E:\Users\Pal\DEVICES\Kern_dev_\SOFT2\MCHP\Kern_v6\Kern\I2cEEPROM.c
              SendRestart   0x0178f4    program     extern E:\Users\Pal\DEVICES\Kern_dev_\SOFT2\MCHP\Kern_v6\Kern\I2cEEPROM.c
                SendStart   0x0178e8    program     extern E:\Users\Pal\DEVICES\Kern_dev_\SOFT2\MCHP\Kern_v6\Kern\I2cEEPROM.c
                 SendStop   0x0178ee    program     extern E:\Users\Pal\DEVICES\Kern_dev_\SOFT2\MCHP\Kern_v6\Kern\I2cEEPROM.c
                  SendTCP   0x002372    program     static E:\Users\Pal\DEVICES\Kern_dev_\SOFT2\MCHP\Kern_v6\Microchip\TCPIP Stack\TCP.c
          SendVersionData   0x015b48    program     extern E:\Users\Pal\DEVICES\Kern_dev_\SOFT2\MCHP\Kern_v6\Kern\UdpSet.c
     SerializedMACAddress   0x0185f8    program     static E:\Users\Pal\DEVICES\Kern_dev_\SOFT2\MCHP\Kern_v6\Kern\Main.c
           SetErrorStatus   0x00873e    program     extern E:\Users\Pal\DEVICES\Kern_dev_\SOFT2\MCHP\Kern_v6\Microchip\TCPIP Stack\SNMP.c
                  SetMyIP   0x012d78    program     extern E:\Users\Pal\DEVICES\Kern_dev_\SOFT2\MCHP\Kern_v6\Kern\Main.c
             SettingsInit   0x014ff0    program     extern E:\Users\Pal\DEVICES\Kern_dev_\SOFT2\MCHP\Kern_v6\Kern\ParamsTable.c
             SettingsLoad   0x015096    program     extern E:\Users\Pal\DEVICES\Kern_dev_\SOFT2\MCHP\Kern_v6\Kern\ParamsTable.c
      SettingsLoadPointer   0x0152fa    program     extern E:\Users\Pal\DEVICES\Kern_dev_\SOFT2\MCHP\Kern_v6\Kern\ParamsTable.c
            SettingsReset   0x015764    program     extern E:\Users\Pal\DEVICES\Kern_dev_\SOFT2\MCHP\Kern_v6\Kern\ParamsTable.c
     SettingsResetPointer   0x0158ba    program     extern E:\Users\Pal\DEVICES\Kern_dev_\SOFT2\MCHP\Kern_v6\Kern\ParamsTable.c
             SettingsSave   0x015358    program     extern E:\Users\Pal\DEVICES\Kern_dev_\SOFT2\MCHP\Kern_v6\Kern\ParamsTable.c
      SettingsSavePointer   0x015762    program     extern E:\Users\Pal\DEVICES\Kern_dev_\SOFT2\MCHP\Kern_v6\Kern\ParamsTable.c
        SettingsSetDefaul   0x01504e    program     extern E:\Users\Pal\DEVICES\Kern_dev_\SOFT2\MCHP\Kern_v6\Kern\ParamsTable.c
           SpaSibSNMPInit   0x004896    program     extern E:\Users\Pal\DEVICES\Kern_dev_\SOFT2\MCHP\Kern_v6\Microchip\TCPIP Stack\SNMP.c
        StackApplications   0x017d3a    program     extern E:\Users\Pal\DEVICES\Kern_dev_\SOFT2\MCHP\Kern_v6\Microchip\TCPIP Stack\StackTsk.c
                StackInit   0x017ae6    program     extern E:\Users\Pal\DEVICES\Kern_dev_\SOFT2\MCHP\Kern_v6\Microchip\TCPIP Stack\StackTsk.c
                StackTask   0x017b36    program     extern E:\Users\Pal\DEVICES\Kern_dev_\SOFT2\MCHP\Kern_v6\Microchip\TCPIP Stack\StackTsk.c
        StringToIPAddress   0x013f96    program     extern E:\Users\Pal\DEVICES\Kern_dev_\SOFT2\MCHP\Kern_v6\Microchip\TCPIP Stack\Helpers.c
            SwapARPPacket   0x016cc0    program     extern E:\Users\Pal\DEVICES\Kern_dev_\SOFT2\MCHP\Kern_v6\Microchip\TCPIP Stack\ARP.c
             SwapIPHeader   0x0177c8    program     static E:\Users\Pal\DEVICES\Kern_dev_\SOFT2\MCHP\Kern_v6\Microchip\TCPIP Stack\IP.c
            SwapTCPHeader   0x002f10    program     static E:\Users\Pal\DEVICES\Kern_dev_\SOFT2\MCHP\Kern_v6\Microchip\TCPIP Stack\TCP.c
                  SyncTCB   0x00018c    program     static E:\Users\Pal\DEVICES\Kern_dev_\SOFT2\MCHP\Kern_v6\Microchip\TCPIP Stack\TCP.c
              SyncTCBStub   0x0000f8    program     static E:\Users\Pal\DEVICES\Kern_dev_\SOFT2\MCHP\Kern_v6\Microchip\TCPIP Stack\TCP.c
        TCPAdjustFIFOSize   0x004448    program     extern E:\Users\Pal\DEVICES\Kern_dev_\SOFT2\MCHP\Kern_v6\Microchip\TCPIP Stack\TCP.c
                 TCPClose   0x000798    program     extern E:\Users\Pal\DEVICES\Kern_dev_\SOFT2\MCHP\Kern_v6\Microchip\TCPIP Stack\TCP.c
               TCPDiscard   0x000dee    program     extern E:\Users\Pal\DEVICES\Kern_dev_\SOFT2\MCHP\Kern_v6\Microchip\TCPIP Stack\TCP.c
            TCPDisconnect   0x0006da    program     extern E:\Users\Pal\DEVICES\Kern_dev_\SOFT2\MCHP\Kern_v6\Microchip\TCPIP Stack\TCP.c
           TCPFindArrayEx   0x0012b6    program     extern E:\Users\Pal\DEVICES\Kern_dev_\SOFT2\MCHP\Kern_v6\Microchip\TCPIP Stack\TCP.c
                TCPFindEx   0x001a5c    program     extern E:\Users\Pal\DEVICES\Kern_dev_\SOFT2\MCHP\Kern_v6\Microchip\TCPIP Stack\TCP.c
        TCPFindROMArrayEx   0x00166e    program     extern E:\Users\Pal\DEVICES\Kern_dev_\SOFT2\MCHP\Kern_v6\Microchip\TCPIP Stack\TCP.c
                 TCPFlush   0x0007ec    program     extern E:\Users\Pal\DEVICES\Kern_dev_\SOFT2\MCHP\Kern_v6\Microchip\TCPIP Stack\TCP.c
                   TCPGet   0x000e90    program     extern E:\Users\Pal\DEVICES\Kern_dev_\SOFT2\MCHP\Kern_v6\Microchip\TCPIP Stack\TCP.c
              TCPGetArray   0x000f40    program     extern E:\Users\Pal\DEVICES\Kern_dev_\SOFT2\MCHP\Kern_v6\Microchip\TCPIP Stack\TCP.c
         TCPGetRemoteInfo   0x0007aa    program     extern E:\Users\Pal\DEVICES\Kern_dev_\SOFT2\MCHP\Kern_v6\Microchip\TCPIP Stack\TCP.c
         TCPGetRxFIFOFree   0x0010cc    program     extern E:\Users\Pal\DEVICES\Kern_dev_\SOFT2\MCHP\Kern_v6\Microchip\TCPIP Stack\TCP.c
         TCPGetTxFIFOFull   0x000d9c    program     extern E:\Users\Pal\DEVICES\Kern_dev_\SOFT2\MCHP\Kern_v6\Microchip\TCPIP Stack\TCP.c
                  TCPInit   0x00023a    program     extern E:\Users\Pal\DEVICES\Kern_dev_\SOFT2\MCHP\Kern_v6\Microchip\TCPIP Stack\TCP.c
           TCPIsConnected   0x0006c8    program     extern E:\Users\Pal\DEVICES\Kern_dev_\SOFT2\MCHP\Kern_v6\Microchip\TCPIP Stack\TCP.c
            TCPIsGetReady   0x000e24    program     extern E:\Users\Pal\DEVICES\Kern_dev_\SOFT2\MCHP\Kern_v6\Microchip\TCPIP Stack\TCP.c
            TCPIsPutReady   0x00081a    program     extern E:\Users\Pal\DEVICES\Kern_dev_\SOFT2\MCHP\Kern_v6\Microchip\TCPIP Stack\TCP.c
                  TCPOpen   0x0004fa    program     extern E:\Users\Pal\DEVICES\Kern_dev_\SOFT2\MCHP\Kern_v6\Microchip\TCPIP Stack\TCP.c
                  TCPPeek   0x001290    program     extern E:\Users\Pal\DEVICES\Kern_dev_\SOFT2\MCHP\Kern_v6\Microchip\TCPIP Stack\TCP.c
             TCPPeekArray   0x00110c    program     extern E:\Users\Pal\DEVICES\Kern_dev_\SOFT2\MCHP\Kern_v6\Microchip\TCPIP Stack\TCP.c
               TCPProcess   0x002226    program     extern E:\Users\Pal\DEVICES\Kern_dev_\SOFT2\MCHP\Kern_v6\Microchip\TCPIP Stack\TCP.c
                   TCPPut   0x0008ac    program     extern E:\Users\Pal\DEVICES\Kern_dev_\SOFT2\MCHP\Kern_v6\Microchip\TCPIP Stack\TCP.c
              TCPPutArray   0x00099c    program     extern E:\Users\Pal\DEVICES\Kern_dev_\SOFT2\MCHP\Kern_v6\Microchip\TCPIP Stack\TCP.c
           TCPPutROMArray   0x000b4e    program     extern E:\Users\Pal\DEVICES\Kern_dev_\SOFT2\MCHP\Kern_v6\Microchip\TCPIP Stack\TCP.c
          TCPPutROMString   0x000d46    program     extern E:\Users\Pal\DEVICES\Kern_dev_\SOFT2\MCHP\Kern_v6\Microchip\TCPIP Stack\TCP.c
             TCPPutString   0x000d06    program     extern E:\Users\Pal\DEVICES\Kern_dev_\SOFT2\MCHP\Kern_v6\Microchip\TCPIP Stack\TCP.c
               TCPRAMCopy   0x0046cc    program     static E:\Users\Pal\DEVICES\Kern_dev_\SOFT2\MCHP\Kern_v6\Microchip\TCPIP Stack\TCP.c
            TCPRAMCopyROM   0x004790    program     static E:\Users\Pal\DEVICES\Kern_dev_\SOFT2\MCHP\Kern_v6\Microchip\TCPIP Stack\TCP.c
     TCPSocketInitializer   0x0185e0    program     extern E:\Users\Pal\DEVICES\Kern_dev_\SOFT2\MCHP\Kern_v6\Kern\Alternative Configurations\TCPIPConfig_Kern.h
                  TCPTick   0x001a8a    program     extern E:\Users\Pal\DEVICES\Kern_dev_\SOFT2\MCHP\Kern_v6\Microchip\TCPIP Stack\TCP.c
              TCPWasReset   0x0006b4    program     extern E:\Users\Pal\DEVICES\Kern_dev_\SOFT2\MCHP\Kern_v6\Microchip\TCPIP Stack\TCP.c
               TSIGN1616A   0x017dca    program     static C:\MCC18\src\traditional\math\fxm1616s.asm
            TestSaveParam   0x0152fc    program     extern E:\Users\Pal\DEVICES\Kern_dev_\SOFT2\MCHP\Kern_v6\Kern\ParamsTable.c
TickConvertToMilliseconds   0x01834a    program     extern E:\Users\Pal\DEVICES\Kern_dev_\SOFT2\MCHP\Kern_v6\Microchip\TCPIP Stack\Tick.c
                  TickGet   0x01830e    program     extern E:\Users\Pal\DEVICES\Kern_dev_\SOFT2\MCHP\Kern_v6\Microchip\TCPIP Stack\Tick.c
            TickGetDiv256   0x018322    program     extern E:\Users\Pal\DEVICES\Kern_dev_\SOFT2\MCHP\Kern_v6\Microchip\TCPIP Stack\Tick.c
            TickGetDiv64K   0x018336    program     extern E:\Users\Pal\DEVICES\Kern_dev_\SOFT2\MCHP\Kern_v6\Microchip\TCPIP Stack\Tick.c
                 TickInit   0x0182d8    program     extern E:\Users\Pal\DEVICES\Kern_dev_\SOFT2\MCHP\Kern_v6\Microchip\TCPIP Stack\Tick.c
               TickUpdate   0x018374    program     extern E:\Users\Pal\DEVICES\Kern_dev_\SOFT2\MCHP\Kern_v6\Microchip\TCPIP Stack\Tick.c
            TxFifoIsEmpty   0x00abc8    program     static E:\Users\Pal\DEVICES\Kern_dev_\SOFT2\MCHP\Kern_v6\Kern\CustomSNMPApp.c
             TxFifoIsFull   0x00abb8    program     static E:\Users\Pal\DEVICES\Kern_dev_\SOFT2\MCHP\Kern_v6\Kern\CustomSNMPApp.c
                 UDPClose   0x01348c    program     extern E:\Users\Pal\DEVICES\Kern_dev_\SOFT2\MCHP\Kern_v6\Microchip\TCPIP Stack\UDP.c
               UDPDiscard   0x013a70    program     extern E:\Users\Pal\DEVICES\Kern_dev_\SOFT2\MCHP\Kern_v6\Microchip\TCPIP Stack\UDP.c
                 UDPFlush   0x0137ba    program     extern E:\Users\Pal\DEVICES\Kern_dev_\SOFT2\MCHP\Kern_v6\Microchip\TCPIP Stack\UDP.c
                   UDPGet   0x0139b8    program     extern E:\Users\Pal\DEVICES\Kern_dev_\SOFT2\MCHP\Kern_v6\Microchip\TCPIP Stack\UDP.c
              UDPGetArray   0x0139ee    program     extern E:\Users\Pal\DEVICES\Kern_dev_\SOFT2\MCHP\Kern_v6\Microchip\TCPIP Stack\UDP.c
                  UDPInit   0x013334    program     extern E:\Users\Pal\DEVICES\Kern_dev_\SOFT2\MCHP\Kern_v6\Microchip\TCPIP Stack\UDP.c
            UDPIsGetReady   0x01397a    program     extern E:\Users\Pal\DEVICES\Kern_dev_\SOFT2\MCHP\Kern_v6\Microchip\TCPIP Stack\UDP.c
            UDPIsPutReady   0x013548    program     extern E:\Users\Pal\DEVICES\Kern_dev_\SOFT2\MCHP\Kern_v6\Microchip\TCPIP Stack\UDP.c
                  UDPOpen   0x013358    program     extern E:\Users\Pal\DEVICES\Kern_dev_\SOFT2\MCHP\Kern_v6\Microchip\TCPIP Stack\UDP.c
               UDPProcess   0x013a8a    program     extern E:\Users\Pal\DEVICES\Kern_dev_\SOFT2\MCHP\Kern_v6\Microchip\TCPIP Stack\UDP.c
                   UDPPut   0x0135ac    program     extern E:\Users\Pal\DEVICES\Kern_dev_\SOFT2\MCHP\Kern_v6\Microchip\TCPIP Stack\UDP.c
              UDPPutArray   0x0135f8    program     extern E:\Users\Pal\DEVICES\Kern_dev_\SOFT2\MCHP\Kern_v6\Microchip\TCPIP Stack\UDP.c
           UDPPutROMArray   0x013690    program     extern E:\Users\Pal\DEVICES\Kern_dev_\SOFT2\MCHP\Kern_v6\Microchip\TCPIP Stack\UDP.c
          UDPPutROMString   0x013768    program     extern E:\Users\Pal\DEVICES\Kern_dev_\SOFT2\MCHP\Kern_v6\Microchip\TCPIP Stack\UDP.c
             UDPPutString   0x01372c    program     extern E:\Users\Pal\DEVICES\Kern_dev_\SOFT2\MCHP\Kern_v6\Microchip\TCPIP Stack\UDP.c
           UDPSetRxBuffer   0x013526    program     extern E:\Users\Pal\DEVICES\Kern_dev_\SOFT2\MCHP\Kern_v6\Microchip\TCPIP Stack\UDP.c
           UDPSetTxBuffer   0x0134d8    program     extern E:\Users\Pal\DEVICES\Kern_dev_\SOFT2\MCHP\Kern_v6\Microchip\TCPIP Stack\UDP.c
                  UDPTask   0x013352    program     extern E:\Users\Pal\DEVICES\Kern_dev_\SOFT2\MCHP\Kern_v6\Microchip\TCPIP Stack\UDP.c
                  WaitSSP   0x01788a    program     extern E:\Users\Pal\DEVICES\Kern_dev_\SOFT2\MCHP\Kern_v6\Kern\I2cEEPROM.c
              WritePHYReg   0x014f9e    program     extern E:\Users\Pal\DEVICES\Kern_dev_\SOFT2\MCHP\Kern_v6\Microchip\TCPIP Stack\ETH97J60.c
                  _14jEnd   0x017fc4    program     static C:\MCC18\src\traditional\stdclib\atol.asm
              _2jContinue   0x0173f6    program     static C:\MCC18\src\traditional\stdclib\memset.asm
                   _2jEnd   0x01753a    program     static C:\MCC18\src\traditional\stdclib\slenpgm.asm
              _3jContinue   0x017326    program     static C:\MCC18\src\traditional\stdclib\mcmpp2r.asm
              _3jContinue   0x0173c2    program     static C:\MCC18\src\traditional\stdclib\mcpyp2r.asm
                   _3jEnd   0x017400    program     static C:\MCC18\src\traditional\stdclib\memset.asm
              _4jContinue   0x01757c    program     static C:\MCC18\src\traditional\stdclib\strncmp.asm
              _4jContinue   0x0172d6    program     static C:\MCC18\src\traditional\stdclib\memcmp.asm
              _4jContinue   0x01736e    program     static C:\MCC18\src\traditional\stdclib\memcpy.asm
                   _4jEnd   0x017330    program     static C:\MCC18\src\traditional\stdclib\mcmpp2r.asm
                   _4jEnd   0x0173cc    program     static C:\MCC18\src\traditional\stdclib\mcpyp2r.asm
                   _5jEnd   0x0172e0    program     static C:\MCC18\src\traditional\stdclib\memcmp.asm
                   _5jEnd   0x017586    program     static C:\MCC18\src\traditional\stdclib\strncmp.asm
                   _5jEnd   0x017378    program     static C:\MCC18\src\traditional\stdclib\memcpy.asm
             _DHCPReceive   0x0122b6    program     static E:\Users\Pal\DEVICES\Kern_dev_\SOFT2\MCHP\Kern_v6\Microchip\TCPIP Stack\DHCP.c
                _DHCPSend   0x012630    program     static E:\Users\Pal\DEVICES\Kern_dev_\SOFT2\MCHP\Kern_v6\Microchip\TCPIP Stack\DHCP.c
           _LoadFATRecord   0x00f560    program     static E:\Users\Pal\DEVICES\Kern_dev_\SOFT2\MCHP\Kern_v6\Microchip\TCPIP Stack\MPFS2.c
          _SNMPDuplexInit   0x007b5c    program     extern E:\Users\Pal\DEVICES\Kern_dev_\SOFT2\MCHP\Kern_v6\Microchip\TCPIP Stack\SNMP.c
                 _SNMPGet   0x007b9e    program     extern E:\Users\Pal\DEVICES\Kern_dev_\SOFT2\MCHP\Kern_v6\Microchip\TCPIP Stack\SNMP.c
                 _SNMPPut   0x007b80    program     extern E:\Users\Pal\DEVICES\Kern_dev_\SOFT2\MCHP\Kern_v6\Microchip\TCPIP Stack\SNMP.c
                _Validate   0x00fb7c    program     static E:\Users\Pal\DEVICES\Kern_dev_\SOFT2\MCHP\Kern_v6\Microchip\TCPIP Stack\MPFS2.c
           ___do_lbl00002   0x018306    program     static                          
           ___do_lbl00003   0x01830a    program     static                          
           ___do_lbl00004   0x0182e8    program     static                          
          ___for_lbl00066   0x0132a2    program     static                          
          ___for_lbl00067   0x0132a8    program     static                          
          ___for_lbl00068   0x013298    program     static                          
          ___for_lbl00100   0x0145c6    program     static                          
          ___for_lbl00101   0x0145ce    program     static                          
          ___for_lbl00102   0x0145aa    program     static                          
          ___for_lbl00103   0x0145e4    program     static                          
          ___for_lbl00104   0x0145ea    program     static                          
          ___for_lbl00105   0x0145ce    program     static                          
           ___if_lbl00001   0x018020    program     static                          
           ___if_lbl00002   0x01802a    program     static                          
           ___if_lbl00003   0x018042    program     static                          
           ___if_lbl00004   0x0178dc    program     static                          
           ___if_lbl00004   0x0180b2    program     static                          
           ___if_lbl00012   0x012af6    program     static                          
           ___if_lbl00013   0x012b0c    program     static                          
           ___if_lbl00014   0x012b22    program     static                          
           ___if_lbl00014   0x013efc    program     static                          
           ___if_lbl00015   0x013f12    program     static                          
           ___if_lbl00015   0x012b22    program     static                          
           ___if_lbl00016   0x013f64    program     static                          
           ___if_lbl00016   0x012b38    program     static                          
           ___if_lbl00017   0x012b38    program     static                          
           ___if_lbl00017   0x013f6c    program     static                          
           ___if_lbl00018   0x012b84    program     static                          
           ___if_lbl00020   0x014900    program     static                          
           ___if_lbl00020   0x012bae    program     static                          
           ___if_lbl00021   0x014910    program     static                          
           ___if_lbl00021   0x012bfc    program     static                          
           ___if_lbl00022   0x012bfc    program     static                          
           ___if_lbl00023   0x012c56    program     static                          
           ___if_lbl00024   0x012c98    program     static                          
           ___if_lbl00025   0x012ca6    program     static                          
           ___if_lbl00026   0x012cb8    program     static                          
           ___if_lbl00027   0x0149a0    program     static                          
[...]
                 DDRAbits   0x000f92       data     extern C:\MCC18\src\traditional\proc\p18F67J60.asm
                    TRISA   0x000f92       data     extern C:\MCC18\src\traditional\proc\p18F67J60.asm
                TRISAbits   0x000f92       data     extern C:\MCC18\src\traditional\proc\p18F67J60.asm
                     DDRB   0x000f93       data     extern C:\MCC18\src\traditional\proc\p18F67J60.asm
                 DDRBbits   0x000f93       data     extern C:\MCC18\src\traditional\proc\p18F67J60.asm
                    TRISB   0x000f93       data     extern C:\MCC18\src\traditional\proc\p18F67J60.asm
                TRISBbits   0x000f93       data     extern C:\MCC18\src\traditional\proc\p18F67J60.asm
                 DDRCbits   0x000f94       data     extern C:\MCC18\src\traditional\proc\p18F67J60.asm
                TRISCbits   0x000f94       data     extern C:\MCC18\src\traditional\proc\p18F67J60.asm
                     DDRC   0x000f94       data     extern C:\MCC18\src\traditional\proc\p18F67J60.asm
                    TRISC   0x000f94       data     extern C:\MCC18\src\traditional\proc\p18F67J60.asm
                     DDRD   0x000f95       data     extern C:\MCC18\src\traditional\proc\p18F67J60.asm
                 DDRDbits   0x000f95       data     extern C:\MCC18\src\traditional\proc\p18F67J60.asm
                    TRISD   0x000f95       data     extern C:\MCC18\src\traditional\proc\p18F67J60.asm
                TRISDbits   0x000f95       data     extern C:\MCC18\src\traditional\proc\p18F67J60.asm
                TRISEbits   0x000f96       data     extern C:\MCC18\src\traditional\proc\p18F67J60.asm
                 DDREbits   0x000f96       data     extern C:\MCC18\src\traditional\proc\p18F67J60.asm
                     DDRE   0x000f96       data     extern C:\MCC18\src\traditional\proc\p18F67J60.asm
                    TRISE   0x000f96       data     extern C:\MCC18\src\traditional\proc\p18F67J60.asm
                TRISFbits   0x000f97       data     extern C:\MCC18\src\traditional\proc\p18F67J60.asm
                    TRISF   0x000f97       data     extern C:\MCC18\src\traditional\proc\p18F67J60.asm
                 DDRFbits   0x000f97       data     extern C:\MCC18\src\traditional\proc\p18F67J60.asm
                     DDRF   0x000f97       data     extern C:\MCC18\src\traditional\proc\p18F67J60.asm
                    TRISG   0x000f98       data     extern C:\MCC18\src\traditional\proc\p18F67J60.asm
                TRISGbits   0x000f98       data     extern C:\MCC18\src\traditional\proc\p18F67J60.asm
                 DDRGbits   0x000f98       data     extern C:\MCC18\src\traditional\proc\p18F67J60.asm
                     DDRG   0x000f98       data     extern C:\MCC18\src\traditional\proc\p18F67J60.asm
                  OSCTUNE   0x000f9b       data     extern C:\MCC18\src\traditional\proc\p18F67J60.asm
              OSCTUNEbits   0x000f9b       data     extern C:\MCC18\src\traditional\proc\p18F67J60.asm
                 PIE1bits   0x000f9d       data     extern C:\MCC18\src\traditional\proc\p18F67J60.asm
                     PIE1   0x000f9d       data     extern C:\MCC18\src\traditional\proc\p18F67J60.asm
                     PIR1   0x000f9e       data     extern C:\MCC18\src\traditional\proc\p18F67J60.asm
                 PIR1bits   0x000f9e       data     extern C:\MCC18\src\traditional\proc\p18F67J60.asm
                 IPR1bits   0x000f9f       data     extern C:\MCC18\src\traditional\proc\p18F67J60.asm
                     IPR1   0x000f9f       data     extern C:\MCC18\src\traditional\proc\p18F67J60.asm
                 PIE2bits   0x000fa0       data     extern C:\MCC18\src\traditional\proc\p18F67J60.asm
                     PIE2   0x000fa0       data     extern C:\MCC18\src\traditional\proc\p18F67J60.asm
                     PIR2   0x000fa1       data     extern C:\MCC18\src\traditional\proc\p18F67J60.asm
                 PIR2bits   0x000fa1       data     extern C:\MCC18\src\traditional\proc\p18F67J60.asm
                 IPR2bits   0x000fa2       data     extern C:\MCC18\src\traditional\proc\p18F67J60.asm
                     IPR2   0x000fa2       data     extern C:\MCC18\src\traditional\proc\p18F67J60.asm
                 PIE3bits   0x000fa3       data     extern C:\MCC18\src\traditional\proc\p18F67J60.asm
                     PIE3   0x000fa3       data     extern C:\MCC18\src\traditional\proc\p18F67J60.asm
                     PIR3   0x000fa4       data     extern C:\MCC18\src\traditional\proc\p18F67J60.asm
                 PIR3bits   0x000fa4       data     extern C:\MCC18\src\traditional\proc\p18F67J60.asm
                 IPR3bits   0x000fa5       data     extern C:\MCC18\src\traditional\proc\p18F67J60.asm
                     IPR3   0x000fa5       data     extern C:\MCC18\src\traditional\proc\p18F67J60.asm
               EECON1bits   0x000fa6       data     extern C:\MCC18\src\traditional\proc\p18F67J60.asm
                   EECON1   0x000fa6       data     extern C:\MCC18\src\traditional\proc\p18F67J60.asm
                   EECON2   0x000fa7       data     extern C:\MCC18\src\traditional\proc\p18F67J60.asm
                   RCSTA1   0x000fab       data     extern C:\MCC18\src\traditional\proc\p18F67J60.asm
               RCSTA1bits   0x000fab       data     extern C:\MCC18\src\traditional\proc\p18F67J60.asm
                    RCSTA   0x000fab       data     extern C:\MCC18\src\traditional\proc\p18F67J60.asm
                RCSTAbits   0x000fab       data     extern C:\MCC18\src\traditional\proc\p18F67J60.asm
               TXSTA1bits   0x000fac       data     extern C:\MCC18\src\traditional\proc\p18F67J60.asm
                    TXSTA   0x000fac       data     extern C:\MCC18\src\traditional\proc\p18F67J60.asm
                TXSTAbits   0x000fac       data     extern C:\MCC18\src\traditional\proc\p18F67J60.asm
                   TXSTA1   0x000fac       data     extern C:\MCC18\src\traditional\proc\p18F67J60.asm
                   TXREG1   0x000fad       data     extern C:\MCC18\src\traditional\proc\p18F67J60.asm
                    TXREG   0x000fad       data     extern C:\MCC18\src\traditional\proc\p18F67J60.asm
                   RCREG1   0x000fae       data     extern C:\MCC18\src\traditional\proc\p18F67J60.asm
                    RCREG   0x000fae       data     extern C:\MCC18\src\traditional\proc\p18F67J60.asm
                    SPBRG   0x000faf       data     extern C:\MCC18\src\traditional\proc\p18F67J60.asm
                   SPBRG1   0x000faf       data     extern C:\MCC18\src\traditional\proc\p18F67J60.asm
                    T3CON   0x000fb1       data     extern C:\MCC18\src\traditional\proc\p18F67J60.asm
                T3CONbits   0x000fb1       data     extern C:\MCC18\src\traditional\proc\p18F67J60.asm
                    TMR3L   0x000fb2       data     extern C:\MCC18\src\traditional\proc\p18F67J60.asm
                    TMR3H   0x000fb3       data     extern C:\MCC18\src\traditional\proc\p18F67J60.asm
                CMCONbits   0x000fb4       data     extern C:\MCC18\src\traditional\proc\p18F67J60.asm
                    CMCON   0x000fb4       data     extern C:\MCC18\src\traditional\proc\p18F67J60.asm
               CVRCONbits   0x000fb5       data     extern C:\MCC18\src\traditional\proc\p18F67J60.asm
                   CVRCON   0x000fb5       data     extern C:\MCC18\src\traditional\proc\p18F67J60.asm
              ECCP1ASbits   0x000fb6       data     extern C:\MCC18\src\traditional\proc\p18F67J60.asm
                  ECCP1AS   0x000fb6       data     extern C:\MCC18\src\traditional\proc\p18F67J60.asm
                 ECCP3CON   0x000fb7       data     extern C:\MCC18\src\traditional\proc\p18F67J60.asm
             ECCP3CONbits   0x000fb7       data     extern C:\MCC18\src\traditional\proc\p18F67J60.asm
              CCP3CONbits   0x000fb7       data     extern C:\MCC18\src\traditional\proc\p18F67J60.asm
                  CCP3CON   0x000fb7       data     extern C:\MCC18\src\traditional\proc\p18F67J60.asm
                   CCPR3L   0x000fb8       data     extern C:\MCC18\src\traditional\proc\p18F67J60.asm
                    CCPR3   0x000fb8       data     extern C:\MCC18\src\traditional\proc\p18F67J60.asm
                   CCPR3H   0x000fb9       data     extern C:\MCC18\src\traditional\proc\p18F67J60.asm
              CCP2CONbits   0x000fba       data     extern C:\MCC18\src\traditional\proc\p18F67J60.asm
                  CCP2CON   0x000fba       data     extern C:\MCC18\src\traditional\proc\p18F67J60.asm
                 ECCP2CON   0x000fba       data     extern C:\MCC18\src\traditional\proc\p18F67J60.asm
             ECCP2CONbits   0x000fba       data     extern C:\MCC18\src\traditional\proc\p18F67J60.asm
                   CCPR2L   0x000fbb       data     extern C:\MCC18\src\traditional\proc\p18F67J60.asm
                    CCPR2   0x000fbb       data     extern C:\MCC18\src\traditional\proc\p18F67J60.asm
                   CCPR2H   0x000fbc       data     extern C:\MCC18\src\traditional\proc\p18F67J60.asm
             ECCP1CONbits   0x000fbd       data     extern C:\MCC18\src\traditional\proc\p18F67J60.asm
                 ECCP1CON   0x000fbd       data     extern C:\MCC18\src\traditional\proc\p18F67J60.asm
              CCP1CONbits   0x000fbd       data     extern C:\MCC18\src\traditional\proc\p18F67J60.asm
                  CCP1CON   0x000fbd       data     extern C:\MCC18\src\traditional\proc\p18F67J60.asm
                   CCPR1L   0x000fbe       data     extern C:\MCC18\src\traditional\proc\p18F67J60.asm
                    CCPR1   0x000fbe       data     extern C:\MCC18\src\traditional\proc\p18F67J60.asm
                   CCPR1H   0x000fbf       data     extern C:\MCC18\src\traditional\proc\p18F67J60.asm
                   ADCON2   0x000fc0       data     extern C:\MCC18\src\traditional\proc\p18F67J60.asm
               ADCON2bits   0x000fc0       data     extern C:\MCC18\src\traditional\proc\p18F67J60.asm
                   ADCON1   0x000fc1       data     extern C:\MCC18\src\traditional\proc\p18F67J60.asm
               ADCON1bits   0x000fc1       data     extern C:\MCC18\src\traditional\proc\p18F67J60.asm
               ADCON0bits   0x000fc2       data     extern C:\MCC18\src\traditional\proc\p18F67J60.asm
                   ADCON0   0x000fc2       data     extern C:\MCC18\src\traditional\proc\p18F67J60.asm
                   ADRESL   0x000fc3       data     extern C:\MCC18\src\traditional\proc\p18F67J60.asm
                    ADRES   0x000fc3       data     extern C:\MCC18\src\traditional\proc\p18F67J60.asm
                   ADRESH   0x000fc4       data     extern C:\MCC18\src\traditional\proc\p18F67J60.asm
                 SSP1CON2   0x000fc5       data     extern C:\MCC18\src\traditional\proc\p18F67J60.asm
             SSP1CON2bits   0x000fc5       data     extern C:\MCC18\src\traditional\proc\p18F67J60.asm
              SSPCON2bits   0x000fc5       data     extern C:\MCC18\src\traditional\proc\p18F67J60.asm
                  SSPCON2   0x000fc5       data     extern C:\MCC18\src\traditional\proc\p18F67J60.asm
              SSPCON1bits   0x000fc6       data     extern C:\MCC18\src\traditional\proc\p18F67J60.asm
                 SSP1CON1   0x000fc6       data     extern C:\MCC18\src\traditional\proc\p18F67J60.asm
             SSP1CON1bits   0x000fc6       data     extern C:\MCC18\src\traditional\proc\p18F67J60.asm
                  SSPCON1   0x000fc6       data     extern C:\MCC18\src\traditional\proc\p18F67J60.asm
                  SSPSTAT   0x000fc7       data     extern C:\MCC18\src\traditional\proc\p18F67J60.asm
              SSPSTATbits   0x000fc7       data     extern C:\MCC18\src\traditional\proc\p18F67J60.asm
             SSP1STATbits   0x000fc7       data     extern C:\MCC18\src\traditional\proc\p18F67J60.asm
                 SSP1STAT   0x000fc7       data     extern C:\MCC18\src\traditional\proc\p18F67J60.asm
                   SSPADD   0x000fc8       data     extern C:\MCC18\src\traditional\proc\p18F67J60.asm
                  SSP1ADD   0x000fc8       data     extern C:\MCC18\src\traditional\proc\p18F67J60.asm
                   SSPBUF   0x000fc9       data     extern C:\MCC18\src\traditional\proc\p18F67J60.asm
                  SSP1BUF   0x000fc9       data     extern C:\MCC18\src\traditional\proc\p18F67J60.asm
                    T2CON   0x000fca       data     extern C:\MCC18\src\traditional\proc\p18F67J60.asm
                T2CONbits   0x000fca       data     extern C:\MCC18\src\traditional\proc\p18F67J60.asm
                      PR2   0x000fcb       data     extern C:\MCC18\src\traditional\proc\p18F67J60.asm
                     TMR2   0x000fcc       data     extern C:\MCC18\src\traditional\proc\p18F67J60.asm
                T1CONbits   0x000fcd       data     extern C:\MCC18\src\traditional\proc\p18F67J60.asm
                    T1CON   0x000fcd       data     extern C:\MCC18\src\traditional\proc\p18F67J60.asm
                    TMR1L   0x000fce       data     extern C:\MCC18\src\traditional\proc\p18F67J60.asm
                    TMR1H   0x000fcf       data     extern C:\MCC18\src\traditional\proc\p18F67J60.asm
                 RCONbits   0x000fd0       data     extern C:\MCC18\src\traditional\proc\p18F67J60.asm
                     RCON   0x000fd0       data     extern C:\MCC18\src\traditional\proc\p18F67J60.asm
                   WDTCON   0x000fd1       data     extern C:\MCC18\src\traditional\proc\p18F67J60.asm
               WDTCONbits   0x000fd1       data     extern C:\MCC18\src\traditional\proc\p18F67J60.asm
                ECON1bits   0x000fd2       data     extern C:\MCC18\src\traditional\proc\p18F67J60.asm
                    ECON1   0x000fd2       data     extern C:\MCC18\src\traditional\proc\p18F67J60.asm
                   OSCCON   0x000fd3       data     extern C:\MCC18\src\traditional\proc\p18F67J60.asm
               OSCCONbits   0x000fd3       data     extern C:\MCC18\src\traditional\proc\p18F67J60.asm
                    T0CON   0x000fd5       data     extern C:\MCC18\src\traditional\proc\p18F67J60.asm
                T0CONbits   0x000fd5       data     extern C:\MCC18\src\traditional\proc\p18F67J60.asm
                    TMR0L   0x000fd6       data     extern C:\MCC18\src\traditional\proc\p18F67J60.asm
                    TMR0H   0x000fd7       data     extern C:\MCC18\src\traditional\proc\p18F67J60.asm
                   STATUS   0x000fd8       data     extern C:\MCC18\src\traditional\proc\p18F67J60.asm
               STATUSbits   0x000fd8       data     extern C:\MCC18\src\traditional\proc\p18F67J60.asm
                     FSR2   0x000fd9       data     extern C:\MCC18\src\traditional\proc\p18F67J60.asm
                    FSR2L   0x000fd9       data     extern C:\MCC18\src\traditional\proc\p18F67J60.asm
                    FSR2H   0x000fda       data     extern C:\MCC18\src\traditional\proc\p18F67J60.asm
                   PLUSW2   0x000fdb       data     extern C:\MCC18\src\traditional\proc\p18F67J60.asm
                  PREINC2   0x000fdc       data     extern C:\MCC18\src\traditional\proc\p18F67J60.asm
                 POSTDEC2   0x000fdd       data     extern C:\MCC18\src\traditional\proc\p18F67J60.asm
                 POSTINC2   0x000fde       data     extern C:\MCC18\src\traditional\proc\p18F67J60.asm
                    INDF2   0x000fdf       data     extern C:\MCC18\src\traditional\proc\p18F67J60.asm
                      BSR   0x000fe0       data     extern C:\MCC18\src\traditional\proc\p18F67J60.asm
                    FSR1L   0x000fe1       data     extern C:\MCC18\src\traditional\proc\p18F67J60.asm
                     FSR1   0x000fe1       data     extern C:\MCC18\src\traditional\proc\p18F67J60.asm
                    FSR1H   0x000fe2       data     extern C:\MCC18\src\traditional\proc\p18F67J60.asm
                   PLUSW1   0x000fe3       data     extern C:\MCC18\src\traditional\proc\p18F67J60.asm
                  PREINC1   0x000fe4       data     extern C:\MCC18\src\traditional\proc\p18F67J60.asm
                 POSTDEC1   0x000fe5       data     extern C:\MCC18\src\traditional\proc\p18F67J60.asm
                 POSTINC1   0x000fe6       data     extern C:\MCC18\src\traditional\proc\p18F67J60.asm
                    INDF1   0x000fe7       data     extern C:\MCC18\src\traditional\proc\p18F67J60.asm
                     WREG   0x000fe8       data     extern C:\MCC18\src\traditional\proc\p18F67J60.asm
                    FSR0L   0x000fe9       data     extern C:\MCC18\src\traditional\proc\p18F67J60.asm
                     FSR0   0x000fe9       data     extern C:\MCC18\src\traditional\proc\p18F67J60.asm
                    FSR0H   0x000fea       data     extern C:\MCC18\src\traditional\proc\p18F67J60.asm
                   PLUSW0   0x000feb       data     extern C:\MCC18\src\traditional\proc\p18F67J60.asm
                  PREINC0   0x000fec       data     extern C:\MCC18\src\traditional\proc\p18F67J60.asm
                 POSTDEC0   0x000fed       data     extern C:\MCC18\src\traditional\proc\p18F67J60.asm
                 POSTINC0   0x000fee       data     extern C:\MCC18\src\traditional\proc\p18F67J60.asm
                    INDF0   0x000fef       data     extern C:\MCC18\src\traditional\proc\p18F67J60.asm
                  INTCON3   0x000ff0       data     extern C:\MCC18\src\traditional\proc\p18F67J60.asm
              INTCON3bits   0x000ff0       data     extern C:\MCC18\src\traditional\proc\p18F67J60.asm
              INTCON2bits   0x000ff1       data     extern C:\MCC18\src\traditional\proc\p18F67J60.asm
                  INTCON2   0x000ff1       data     extern C:\MCC18\src\traditional\proc\p18F67J60.asm
               INTCONbits   0x000ff2       data     extern C:\MCC18\src\traditional\proc\p18F67J60.asm
                   INTCON   0x000ff2       data     extern C:\MCC18\src\traditional\proc\p18F67J60.asm
                    PRODL   0x000ff3       data     extern C:\MCC18\src\traditional\proc\p18F67J60.asm
                     PROD   0x000ff3       data     extern C:\MCC18\src\traditional\proc\p18F67J60.asm
                    PRODH   0x000ff4       data     extern C:\MCC18\src\traditional\proc\p18F67J60.asm
                   TABLAT   0x000ff5       data     extern C:\MCC18\src\traditional\proc\p18F67J60.asm
                   TBLPTR   0x000ff6       data     extern C:\MCC18\src\traditional\proc\p18F67J60.asm
                  TBLPTRL   0x000ff6       data     extern C:\MCC18\src\traditional\proc\p18F67J60.asm
                  TBLPTRH   0x000ff7       data     extern C:\MCC18\src\traditional\proc\p18F67J60.asm
                  TBLPTRU   0x000ff8       data     extern C:\MCC18\src\traditional\proc\p18F67J60.asm
                      PCL   0x000ff9       data     extern C:\MCC18\src\traditional\proc\p18F67J60.asm
                       PC   0x000ff9       data     extern C:\MCC18\src\traditional\proc\p18F67J60.asm
                   PCLATH   0x000ffa       data     extern C:\MCC18\src\traditional\proc\p18F67J60.asm
                   PCLATU   0x000ffb       data     extern C:\MCC18\src\traditional\proc\p18F67J60.asm
                   STKPTR   0x000ffc       data     extern C:\MCC18\src\traditional\proc\p18F67J60.asm
               STKPTRbits   0x000ffc       data     extern C:\MCC18\src\traditional\proc\p18F67J60.asm
                      TOS   0x000ffd       data     extern C:\MCC18\src\traditional\proc\p18F67J60.asm
                     TOSL   0x000ffd       data     extern C:\MCC18\src\traditional\proc\p18F67J60.asm
                     TOSH   0x000ffe       data     extern C:\MCC18\src\traditional\proc\p18F67J60.asm
                     TOSU   0x000fff       data     extern C:\MCC18\src\traditional\proc\p18F67J60.asm


